Component: ARM Compiler 5.05 update 1 (build 106) Tool: armlink [4d0efa]

==============================================================================

Section Cross References

    main.o(i.main) refers to delay.o(i.delay_init) for delay_init
    main.o(i.main) refers to misc.o(i.NVIC_PriorityGroupConfig) for NVIC_PriorityGroupConfig
    main.o(i.main) refers to usart.o(i.uart_init) for uart_init
    main.o(i.main) refers to led.o(i.LED_Init) for LED_Init
    main.o(i.main) refers to lcd.o(i.LCD_Init) for LCD_Init
    main.o(i.main) refers to time.o(i.Time_Init) for Time_Init
    main.o(i.main) refers to touch.o(i.TP_Adjust) for TP_Adjust
    main.o(i.main) refers to menu.o(i.DrawMenu) for DrawMenu
    main.o(i.main) refers to adc.o(i.T_Adc_Init) for T_Adc_Init
    main.o(i.main) refers to lsens.o(i.Lsens_Init) for Lsens_Init
    main.o(i.main) refers to press.o(i.flash_init) for flash_init
    main.o(i.main) refers to time.o(i.Time_run) for Time_run
    main.o(i.main) refers to press.o(i.Get_keynum) for Get_keynum
    main.o(i.main) refers to press.o(i.Scan_key) for Scan_key
    main.o(i.main) refers to press.o(i.Input_show) for Input_show
    main.o(i.main) refers to light.o(i.Control_time_light) for Control_time_light
    main.o(i.main) refers to light.o(i.Control_light_light) for Control_light_light
    main.o(i.main) refers to light.o(i.Show_light_value) for Show_light_value
    main.o(i.main) refers to light.o(i.Show_light) for Show_light
    main.o(i.main) refers to temp.o(i.temp_run) for temp_run
    main.o(i.main) refers to menu.o(i.SetRun) for SetRun
    main.o(i.main) refers to touch.o(.data) for tp_dev
    main.o(i.main) refers to lcd.o(.data) for POINT_COLOR
    main.o(i.main) refers to press.o(.data) for input_num
    main.o(i.main) refers to menu.o(.data) for seasonmenu_flag
    system_stm32f10x.o(i.SetSysClock) refers to system_stm32f10x.o(i.SetSysClockTo72) for SetSysClockTo72
    system_stm32f10x.o(i.SystemCoreClockUpdate) refers to system_stm32f10x.o(.data) for SystemCoreClock
    system_stm32f10x.o(i.SystemInit) refers to system_stm32f10x.o(i.SetSysClock) for SetSysClock
    delay.o(i.delay_init) refers to misc.o(i.SysTick_CLKSourceConfig) for SysTick_CLKSourceConfig
    delay.o(i.delay_init) refers to system_stm32f10x.o(.data) for SystemCoreClock
    delay.o(i.delay_init) refers to delay.o(.data) for fac_us
    delay.o(i.delay_ms) refers to delay.o(.data) for fac_ms
    delay.o(i.delay_us) refers to delay.o(.data) for fac_us
    usart.o(i.USART1_IRQHandler) refers (Special) to use_no_semi_2.o(.text) for __use_no_semihosting
    usart.o(i.USART1_IRQHandler) refers to stm32f10x_usart.o(i.USART_GetITStatus) for USART_GetITStatus
    usart.o(i.USART1_IRQHandler) refers to stm32f10x_usart.o(i.USART_ReceiveData) for USART_ReceiveData
    usart.o(i.USART1_IRQHandler) refers to usart.o(.data) for USART_RX_STA
    usart.o(i.USART1_IRQHandler) refers to usart.o(.bss) for USART_RX_BUF
    usart.o(i._sys_exit) refers (Special) to use_no_semi_2.o(.text) for __use_no_semihosting
    usart.o(i.fputc) refers (Special) to use_no_semi_2.o(.text) for __use_no_semihosting
    usart.o(i.uart_init) refers (Special) to use_no_semi_2.o(.text) for __use_no_semihosting
    usart.o(i.uart_init) refers to stm32f10x_rcc.o(i.RCC_APB2PeriphClockCmd) for RCC_APB2PeriphClockCmd
    usart.o(i.uart_init) refers to stm32f10x_gpio.o(i.GPIO_Init) for GPIO_Init
    usart.o(i.uart_init) refers to misc.o(i.NVIC_Init) for NVIC_Init
    usart.o(i.uart_init) refers to stm32f10x_usart.o(i.USART_Init) for USART_Init
    usart.o(i.uart_init) refers to stm32f10x_usart.o(i.USART_ITConfig) for USART_ITConfig
    usart.o(i.uart_init) refers to stm32f10x_usart.o(i.USART_Cmd) for USART_Cmd
    usart.o(.bss) refers (Special) to use_no_semi_2.o(.text) for __use_no_semihosting
    usart.o(.data) refers (Special) to use_no_semi_2.o(.text) for __use_no_semihosting
    startup_stm32f10x_hd.o(STACK) refers (Special) to heapauxi.o(.text) for __use_two_region_memory
    startup_stm32f10x_hd.o(HEAP) refers (Special) to heapauxi.o(.text) for __use_two_region_memory
    startup_stm32f10x_hd.o(RESET) refers (Special) to heapauxi.o(.text) for __use_two_region_memory
    startup_stm32f10x_hd.o(RESET) refers to startup_stm32f10x_hd.o(STACK) for __initial_sp
    startup_stm32f10x_hd.o(RESET) refers to startup_stm32f10x_hd.o(.text) for Reset_Handler
    startup_stm32f10x_hd.o(RESET) refers to stm32f10x_it.o(i.NMI_Handler) for NMI_Handler
    startup_stm32f10x_hd.o(RESET) refers to stm32f10x_it.o(i.HardFault_Handler) for HardFault_Handler
    startup_stm32f10x_hd.o(RESET) refers to stm32f10x_it.o(i.MemManage_Handler) for MemManage_Handler
    startup_stm32f10x_hd.o(RESET) refers to stm32f10x_it.o(i.BusFault_Handler) for BusFault_Handler
    startup_stm32f10x_hd.o(RESET) refers to stm32f10x_it.o(i.UsageFault_Handler) for UsageFault_Handler
    startup_stm32f10x_hd.o(RESET) refers to stm32f10x_it.o(i.SVC_Handler) for SVC_Handler
[...]
    x$fpl$fretinf                            0x0800b13a   Section       10  fretinf.o(x$fpl$fretinf)
    x$fpl$fsub                               0x0800b144   Section      234  faddsub_clz.o(x$fpl$fsub)
    _fsub1                                   0x0800b153   Thumb Code     0  faddsub_clz.o(x$fpl$fsub)
    .constdata                               0x0800b22e   Section     6080  lcd.o(.constdata)
    x$fpl$usenofp                            0x0800b22e   Section        0  usenofp.o(x$fpl$usenofp)
    .constdata                               0x0800c9ee   Section       24  rtc.o(.constdata)
    .constdata                               0x0800ca06   Section       10  ft5206.o(.constdata)
    .constdata                               0x0800ca10   Section      194  gt9147.o(.constdata)
    .constdata                               0x0800cad2   Section       10  ott2001a.o(.constdata)
    .constdata                               0x0800cadc   Section        4  touch.o(.constdata)
    .constdata                               0x0800cae0   Section       40  _printf_hex_int.o(.constdata)
    uc_hextab                                0x0800cae0   Data          20  _printf_hex_int.o(.constdata)
    lc_hextab                                0x0800caf4   Data          20  _printf_hex_int.o(.constdata)
    .conststring                             0x0800cb08   Section      121  touch.o(.conststring)
    .data                                    0x20000000   Section       20  system_stm32f10x.o(.data)
    .data                                    0x20000014   Section        4  delay.o(.data)
    fac_us                                   0x20000014   Data           1  delay.o(.data)
    fac_ms                                   0x20000016   Data           2  delay.o(.data)
    .data                                    0x20000018   Section        6  usart.o(.data)
    .data                                    0x2000001e   Section       20  stm32f10x_rcc.o(.data)
    APBAHBPrescTable                         0x2000001e   Data          16  stm32f10x_rcc.o(.data)
    ADCPrescTable                            0x2000002e   Data           4  stm32f10x_rcc.o(.data)
    .data                                    0x20000032   Section        4  lcd.o(.data)
    .data                                    0x20000036   Section        2  rtc.o(.data)
    daycnt                                   0x20000036   Data           2  rtc.o(.data)
    .data                                    0x20000038   Section        1  ft5206.o(.data)
    t                                        0x20000038   Data           1  ft5206.o(.data)
    .data                                    0x20000039   Section        1  gt9147.o(.data)
    t                                        0x20000039   Data           1  gt9147.o(.data)
    .data                                    0x2000003a   Section        1  ott2001a.o(.data)
    t                                        0x2000003a   Data           1  ott2001a.o(.data)
    .data                                    0x2000003c   Section       54  touch.o(.data)
    .data                                    0x20000074   Section        8  menu.o(.data)
    .data                                    0x2000007c   Section       17  press.o(.data)
    key_x                                    0x2000008c   Data           1  press.o(.data)
    .data                                    0x20000090   Section       60  light.o(.data)
    .data                                    0x200000cc   Section        2  temp.o(.data)
    temp                                     0x200000cc   Data           2  temp.o(.data)
    .bss                                     0x200000d0   Section      200  usart.o(.bss)
    .bss                                     0x20000198   Section       14  lcd.o(.bss)
    .bss                                     0x200001a6   Section       10  rtc.o(.bss)
    .bss                                     0x200001b0   Section     2048  stmflash.o(.bss)
    .bss                                     0x200009b0   Section       72  press.o(.bss)
    .bss                                     0x200009f8   Section       96  libspace.o(.bss)
    HEAP                                     0x20000a58   Section      512  startup_stm32f10x_hd.o(HEAP)
    Heap_Mem                                 0x20000a58   Data         512  startup_stm32f10x_hd.o(HEAP)
    STACK                                    0x20000c58   Section     1024  startup_stm32f10x_hd.o(STACK)
    Stack_Mem                                0x20000c58   Data        1024  startup_stm32f10x_hd.o(STACK)
    __initial_sp                             0x20001058   Data           0  startup_stm32f10x_hd.o(STACK)

    Global Symbols

    Symbol Name                              Value     Ov Type        Size  Object(Section)

    BuildAttributes$$THM_ISAv4$P$D$K$B$S$PE$A:L22UL41UL21$X:L11$S22US41US21$IEEE1$IW$USESV6$~STKCKD$USESV7$~SHL$OTIME$ROPI$IEEEJ$EBA8$UX$STANDARDLIB$REQ8$PRES8$EABIv2 0x00000000   Number         0  anon$$obj.o ABSOLUTE
    __ARM_use_no_argv                        0x00000000   Number         0  main.o ABSOLUTE
    __ARM_exceptions_init                     - Undefined Weak Reference
    __alloca_initialize                       - Undefined Weak Reference
    __arm_preinit_                            - Undefined Weak Reference
    __cpp_initialize__aeabi_                  - Undefined Weak Reference
    __cxa_finalize                            - Undefined Weak Reference
    __rt_locale                               - Undefined Weak Reference
    __sigvec_lookup                           - Undefined Weak Reference
    _atexit_init                              - Undefined Weak Reference
    _call_atexit_fns                          - Undefined Weak Reference
    _clock_init                               - Undefined Weak Reference
    _fp_trap_init                             - Undefined Weak Reference
    _fp_trap_shutdown                         - Undefined Weak Reference
    _get_lc_collate                           - Undefined Weak Reference
    _get_lc_ctype                             - Undefined Weak Reference
    _get_lc_monetary                          - Undefined Weak Reference
    _get_lc_numeric                           - Undefined Weak Reference
    _get_lc_time                              - Undefined Weak Reference
    _getenv_init                              - Undefined Weak Reference
    _handle_redirection                       - Undefined Weak Reference
    _init_alloc                               - Undefined Weak Reference
    _init_user_alloc                          - Undefined Weak Reference
    _initio                                   - Undefined Weak Reference
    _mutex_acquire                            - Undefined Weak Reference
    _mutex_release                            - Undefined Weak Reference
    _printf_mbtowc                            - Undefined Weak Reference
    _printf_post_padding                      - Undefined Weak Reference
    _printf_pre_padding                       - Undefined Weak Reference
    _printf_truncate_signed                   - Undefined Weak Reference
    _printf_truncate_unsigned                 - Undefined Weak Reference
    _rand_init                                - Undefined Weak Reference
    _signal_finish                            - Undefined Weak Reference
    _signal_init                              - Undefined Weak Reference
    _terminate_alloc                          - Undefined Weak Reference
    _terminate_user_alloc                     - Undefined Weak Reference
    _terminateio                              - Undefined Weak Reference
    __Vectors_Size                           0x00000130   Number         0  startup_stm32f10x_hd.o ABSOLUTE
    __Vectors                                0x08000000   Data           4  startup_stm32f10x_hd.o(RESET)
    __Vectors_End                            0x08000130   Data           0  startup_stm32f10x_hd.o(RESET)
    __main                                   0x08000131   Thumb Code     8  __main.o(!!!main)
    __scatterload                            0x08000139   Thumb Code     0  __scatter.o(!!!scatter)
    __scatterload_rt2                        0x08000139   Thumb Code    44  __scatter.o(!!!scatter)
    __scatterload_rt2_thumb_only             0x08000139   Thumb Code     0  __scatter.o(!!!scatter)
    __scatterload_null                       0x08000147   Thumb Code     0  __scatter.o(!!!scatter)
    __scatterload_copy                       0x0800016d   Thumb Code    26  __scatter_copy.o(!!handler_copy)
    __scatterload_zeroinit                   0x08000189   Thumb Code    28  __scatter_zi.o(!!handler_zi)
    _printf_d                                0x080001a5   Thumb Code     0  _printf_d.o(.ARM.Collect$$_printf_percent$$00000009)
    _printf_percent                          0x080001a5   Thumb Code     0  _printf_percent.o(.ARM.Collect$$_printf_percent$$00000000)
    _printf_x                                0x080001ab   Thumb Code     0  _printf_x.o(.ARM.Collect$$_printf_percent$$0000000C)
    _printf_s                                0x080001b1   Thumb Code     0  _printf_s.o(.ARM.Collect$$_printf_percent$$00000014)
    _printf_percent_end                      0x080001b7   Thumb Code     0  _printf_percent_end.o(.ARM.Collect$$_printf_percent$$00000017)
    __rt_lib_init                            0x080001bb   Thumb Code     0  libinit.o(.ARM.Collect$$libinit$$00000000)
    __rt_lib_init_alloca_1                   0x080001bd   Thumb Code     0  libinit2.o(.ARM.Collect$$libinit$$0000002E)
    __rt_lib_init_argv_1                     0x080001bd   Thumb Code     0  libinit2.o(.ARM.Collect$$libinit$$0000002C)
    __rt_lib_init_atexit_1                   0x080001bd   Thumb Code     0  libinit2.o(.ARM.Collect$$libinit$$0000001B)
    __rt_lib_init_clock_1                    0x080001bd   Thumb Code     0  libinit2.o(.ARM.Collect$$libinit$$00000021)
    __rt_lib_init_cpp_1                      0x080001bd   Thumb Code     0  libinit2.o(.ARM.Collect$$libinit$$00000032)
    __rt_lib_init_exceptions_1               0x080001bd   Thumb Code     0  libinit2.o(.ARM.Collect$$libinit$$00000030)
    __rt_lib_init_fp_1                       0x080001bd   Thumb Code     0  libinit2.o(.ARM.Collect$$libinit$$00000002)
    __rt_lib_init_fp_trap_1                  0x080001bd   Thumb Code     0  libinit2.o(.ARM.Collect$$libinit$$0000001F)
    __rt_lib_init_getenv_1                   0x080001bd   Thumb Code     0  libinit2.o(.ARM.Collect$$libinit$$00000023)
    __rt_lib_init_heap_1                     0x080001bd   Thumb Code     0  libinit2.o(.ARM.Collect$$libinit$$0000000A)
    __rt_lib_init_lc_collate_1               0x080001bd   Thumb Code     0  libinit2.o(.ARM.Collect$$libinit$$00000011)
    __rt_lib_init_lc_ctype_1                 0x080001bd   Thumb Code     0  libinit2.o(.ARM.Collect$$libinit$$00000013)
    __rt_lib_init_lc_monetary_1              0x080001bd   Thumb Code     0  libinit2.o(.ARM.Collect$$libinit$$00000015)
    __rt_lib_init_lc_numeric_1               0x080001bd   Thumb Code     0  libinit2.o(.ARM.Collect$$libinit$$00000017)
    __rt_lib_init_lc_time_1                  0x080001bd   Thumb Code     0  libinit2.o(.ARM.Collect$$libinit$$00000019)
    __rt_lib_init_preinit_1                  0x080001bd   Thumb Code     0  libinit2.o(.ARM.Collect$$libinit$$00000004)
    __rt_lib_init_rand_1                     0x080001bd   Thumb Code     0  libinit2.o(.ARM.Collect$$libinit$$0000000E)
    __rt_lib_init_return                     0x080001bd   Thumb Code     0  libinit2.o(.ARM.Collect$$libinit$$00000033)
    __rt_lib_init_signal_1                   0x080001bd   Thumb Code     0  libinit2.o(.ARM.Collect$$libinit$$0000001D)
    __rt_lib_init_stdio_1                    0x080001bd   Thumb Code     0  libinit2.o(.ARM.Collect$$libinit$$00000025)
    __rt_lib_init_user_alloc_1               0x080001bd   Thumb Code     0  libinit2.o(.ARM.Collect$$libinit$$0000000C)
    __rt_lib_shutdown                        0x080001bf   Thumb Code     0  libshutdown.o(.ARM.Collect$$libshutdown$$00000000)
    __rt_lib_shutdown_fp_trap_1              0x080001c1   Thumb Code     0  libshutdown2.o(.ARM.Collect$$libshutdown$$00000006)
    __rt_lib_shutdown_heap_1                 0x080001c1   Thumb Code     0  libshutdown2.o(.ARM.Collect$$libshutdown$$0000000E)
    __rt_lib_shutdown_return                 0x080001c1   Thumb Code     0  libshutdown2.o(.ARM.Collect$$libshutdown$$0000000F)
    __rt_lib_shutdown_signal_1               0x080001c1   Thumb Code     0  libshutdown2.o(.ARM.Collect$$libshutdown$$00000009)
    __rt_lib_shutdown_stdio_1                0x080001c1   Thumb Code     0  libshutdown2.o(.ARM.Collect$$libshutdown$$00000003)
    __rt_lib_shutdown_user_alloc_1           0x080001c1   Thumb Code     0  libshutdown2.o(.ARM.Collect$$libshutdown$$0000000B)
    __rt_entry                               0x080001c3   Thumb Code     0  __rtentry.o(.ARM.Collect$$rtentry$$00000000)
    __rt_entry_presh_1                       0x080001c3   Thumb Code     0  __rtentry2.o(.ARM.Collect$$rtentry$$00000002)
    __rt_entry_sh                            0x080001c3   Thumb Code     0  __rtentry4.o(.ARM.Collect$$rtentry$$00000004)
    __rt_entry_li                            0x080001c9   Thumb Code     0  __rtentry2.o(.ARM.Collect$$rtentry$$0000000A)
    __rt_entry_postsh_1                      0x080001c9   Thumb Code     0  __rtentry2.o(.ARM.Collect$$rtentry$$00000009)
    __rt_entry_main                          0x080001cd   Thumb Code     0  __rtentry2.o(.ARM.Collect$$rtentry$$0000000D)
    __rt_entry_postli_1                      0x080001cd   Thumb Code     0  __rtentry2.o(.ARM.Collect$$rtentry$$0000000C)
    __rt_exit                                0x080001d5   Thumb Code     0  rtexit.o(.ARM.Collect$$rtexit$$00000000)
    __rt_exit_ls                             0x080001d7   Thumb Code     0  rtexit2.o(.ARM.Collect$$rtexit$$00000003)
    __rt_exit_prels_1                        0x080001d7   Thumb Code     0  rtexit2.o(.ARM.Collect$$rtexit$$00000002)
    __rt_exit_exit                           0x080001db   Thumb Code     0  rtexit2.o(.ARM.Collect$$rtexit$$00000004)
    Reset_Handler                            0x080001e1   Thumb Code     8  startup_stm32f10x_hd.o(.text)
    ADC1_2_IRQHandler                        0x080001fb   Thumb Code     0  startup_stm32f10x_hd.o(.text)
    ADC3_IRQHandler                          0x080001fb   Thumb Code     0  startup_stm32f10x_hd.o(.text)
    CAN1_RX1_IRQHandler                      0x080001fb   Thumb Code     0  startup_stm32f10x_hd.o(.text)
    CAN1_SCE_IRQHandler                      0x080001fb   Thumb Code     0  startup_stm32f10x_hd.o(.text)
    DMA1_Channel1_IRQHandler                 0x080001fb   Thumb Code     0  startup_stm32f10x_hd.o(.text)
    DMA1_Channel2_IRQHandler                 0x080001fb   Thumb Code     0  startup_stm32f10x_hd.o(.text)
    DMA1_Channel3_IRQHandler                 0x080001fb   Thumb Code     0  startup_stm32f10x_hd.o(.text)
    DMA1_Channel4_IRQHandler                 0x080001fb   Thumb Code     0  startup_stm32f10x_hd.o(.text)
    DMA1_Channel5_IRQHandler                 0x080001fb   Thumb Code     0  startup_stm32f10x_hd.o(.text)
    DMA1_Channel6_IRQHandler                 0x080001fb   Thumb Code     0  startup_stm32f10x_hd.o(.text)
    DMA1_Channel7_IRQHandler                 0x080001fb   Thumb Code     0  startup_stm32f10x_hd.o(.text)
    DMA2_Channel1_IRQHandler                 0x080001fb   Thumb Code     0  startup_stm32f10x_hd.o(.text)
    DMA2_Channel2_IRQHandler                 0x080001fb   Thumb Code     0  startup_stm32f10x_hd.o(.text)
    DMA2_Channel3_IRQHandler                 0x080001fb   Thumb Code     0  startup_stm32f10x_hd.o(.text)
    DMA2_Channel4_5_IRQHandler               0x080001fb   Thumb Code     0  startup_stm32f10x_hd.o(.text)
    EXTI0_IRQHandler                         0x080001fb   Thumb Code     0  startup_stm32f10x_hd.o(.text)
    EXTI15_10_IRQHandler                     0x080001fb   Thumb Code     0  startup_stm32f10x_hd.o(.text)
    EXTI1_IRQHandler                         0x080001fb   Thumb Code     0  startup_stm32f10x_hd.o(.text)
    EXTI2_IRQHandler                         0x080001fb   Thumb Code     0  startup_stm32f10x_hd.o(.text)
    EXTI3_IRQHandler                         0x080001fb   Thumb Code     0  startup_stm32f10x_hd.o(.text)
    EXTI4_IRQHandler                         0x080001fb   Thumb Code     0  startup_stm32f10x_hd.o(.text)
    EXTI9_5_IRQHandler                       0x080001fb   Thumb Code     0  startup_stm32f10x_hd.o(.text)
    FLASH_IRQHandler                         0x080001fb   Thumb Code     0  startup_stm32f10x_hd.o(.text)
    FSMC_IRQHandler                          0x080001fb   Thumb Code     0  startup_stm32f10x_hd.o(.text)
    I2C1_ER_IRQHandler                       0x080001fb   Thumb Code     0  startup_stm32f10x_hd.o(.text)
    I2C1_EV_IRQHandler                       0x080001fb   Thumb Code     0  startup_stm32f10x_hd.o(.text)
    I2C2_ER_IRQHandler                       0x080001fb   Thumb Code     0  startup_stm32f10x_hd.o(.text)
    I2C2_EV_IRQHandler                       0x080001fb   Thumb Code     0  startup_stm32f10x_hd.o(.text)
    PVD_IRQHandler                           0x080001fb   Thumb Code     0  startup_stm32f10x_hd.o(.text)
    RCC_IRQHandler                           0x080001fb   Thumb Code     0  startup_stm32f10x_hd.o(.text)
    RTCAlarm_IRQHandler                      0x080001fb   Thumb Code     0  startup_stm32f10x_hd.o(.text)
    SDIO_IRQHandler                          0x080001fb   Thumb Code     0  startup_stm32f10x_hd.o(.text)
    SPI1_IRQHandler                          0x080001fb   Thumb Code     0  startup_stm32f10x_hd.o(.text)
    SPI2_IRQHandler                          0x080001fb   Thumb Code     0  startup_stm32f10x_hd.o(.text)
    SPI3_IRQHandler                          0x080001fb   Thumb Code     0  startup_stm32f10x_hd.o(.text)
    TAMPER_IRQHandler                        0x080001fb   Thumb Code     0  startup_stm32f10x_hd.o(.text)
    TIM1_BRK_IRQHandler                      0x080001fb   Thumb Code     0  startup_stm32f10x_hd.o(.text)
    TIM1_CC_IRQHandler                       0x080001fb   Thumb Code     0  startup_stm32f10x_hd.o(.text)
    TIM1_TRG_COM_IRQHandler                  0x080001fb   Thumb Code     0  startup_stm32f10x_hd.o(.text)
    TIM1_UP_IRQHandler                       0x080001fb   Thumb Code     0  startup_stm32f10x_hd.o(.text)
    TIM2_IRQHandler                          0x080001fb   Thumb Code     0  startup_stm32f10x_hd.o(.text)
    TIM4_IRQHandler                          0x080001fb   Thumb Code     0  startup_stm32f10x_hd.o(.text)
    TIM5_IRQHandler                          0x080001fb   Thumb Code     0  startup_stm32f10x_hd.o(.text)
    TIM6_IRQHandler                          0x080001fb   Thumb Code     0  startup_stm32f10x_hd.o(.text)
    TIM7_IRQHandler                          0x080001fb   Thumb Code     0  startup_stm32f10x_hd.o(.text)
    TIM8_BRK_IRQHandler                      0x080001fb   Thumb Code     0  startup_stm32f10x_hd.o(.text)
    TIM8_CC_IRQHandler                       0x080001fb   Thumb Code     0  startup_stm32f10x_hd.o(.text)
    TIM8_TRG_COM_IRQHandler                  0x080001fb   Thumb Code     0  startup_stm32f10x_hd.o(.text)
    TIM8_UP_IRQHandler                       0x080001fb   Thumb Code     0  startup_stm32f10x_hd.o(.text)
    UART4_IRQHandler                         0x080001fb   Thumb Code     0  startup_stm32f10x_hd.o(.text)
    UART5_IRQHandler                         0x080001fb   Thumb Code     0  startup_stm32f10x_hd.o(.text)
    USART2_IRQHandler                        0x080001fb   Thumb Code     0  startup_stm32f10x_hd.o(.text)
    USART3_IRQHandler                        0x080001fb   Thumb Code     0  startup_stm32f10x_hd.o(.text)
    USBWakeUp_IRQHandler                     0x080001fb   Thumb Code     0  startup_stm32f10x_hd.o(.text)
    USB_HP_CAN1_TX_IRQHandler                0x080001fb   Thumb Code     0  startup_stm32f10x_hd.o(.text)
    USB_LP_CAN1_RX0_IRQHandler               0x080001fb   Thumb Code     0  startup_stm32f10x_hd.o(.text)
    WWDG_IRQHandler                          0x080001fb   Thumb Code     0  startup_stm32f10x_hd.o(.text)
    __user_initial_stackheap                 0x080001fd   Thumb Code     0  startup_stm32f10x_hd.o(.text)
    __use_no_semihosting                     0x08000221   Thumb Code     2  use_no_semi_2.o(.text)
    __2printf                                0x08000225   Thumb Code    20  noretval__2printf.o(.text)
    __printf                                 0x0800023d   Thumb Code   104  __printf.o(.text)
    _printf_str                              0x080002a5   Thumb Code    82  _printf_str.o(.text)
    _printf_int_dec                          0x080002f9   Thumb Code   104  _printf_dec.o(.text)
    _printf_int_hex                          0x08000371   Thumb Code    84  _printf_hex_int.o(.text)
    _printf_longlong_hex                     0x08000371   Thumb Code     0  _printf_hex_int.o(.text)
    strcmp                                   0x080003c9   Thumb Code   128  strcmpv7m.o(.text)
    __use_two_region_memory                  0x08000449   Thumb Code     2  heapauxi.o(.text)
    __rt_heap_escrow$2region                 0x0800044b   Thumb Code     2  heapauxi.o(.text)
    __rt_heap_expand$2region                 0x0800044d   Thumb Code     2  heapauxi.o(.text)
    __I$use$semihosting                      0x0800044f   Thumb Code     0  use_no_semi.o(.text)
    __use_no_semihosting_swi                 0x0800044f   Thumb Code     2  use_no_semi.o(.text)
    __read_errno                             0x08000451   Thumb Code    10  _rserrno.o(.text)
    __set_errno                              0x0800045b   Thumb Code    12  _rserrno.o(.text)
    _printf_int_common                       0x08000467   Thumb Code   178  _printf_intcommon.o(.text)
    _printf_cs_common                        0x08000519   Thumb Code    20  _printf_char.o(.text)
    _printf_char                             0x0800052d   Thumb Code    16  _printf_char.o(.text)
    _printf_string                           0x0800053d   Thumb Code     8  _printf_char.o(.text)
    _printf_char_file                        0x08000545   Thumb Code    32  _printf_char_file.o(.text)
    __aeabi_errno_addr                       0x08000569   Thumb Code     8  rt_errno_addr_intlibspace.o(.text)
    __errno$intlibspace                      0x08000569   Thumb Code     0  rt_errno_addr_intlibspace.o(.text)
    __rt_errno_addr$intlibspace              0x08000569   Thumb Code     0  rt_errno_addr_intlibspace.o(.text)
    _printf_char_common                      0x0800057b   Thumb Code    32  _printf_char_common.o(.text)
    ferror                                   0x080005a1   Thumb Code     8  ferror.o(.text)
    __user_libspace                          0x080005a9   Thumb Code     8  libspace.o(.text)
    __user_perproc_libspace                  0x080005a9   Thumb Code     0  libspace.o(.text)
    __user_perthread_libspace                0x080005a9   Thumb Code     0  libspace.o(.text)
    __user_setup_stackheap                   0x080005b1   Thumb Code    74  sys_stackheap_outer.o(.text)
    exit                                     0x080005fb   Thumb Code    12  exit.o(.text)
    ADC_Cmd                                  0x08000607   Thumb Code    22  stm32f10x_adc.o(i.ADC_Cmd)
    ADC_DeInit                               0x0800061d   Thumb Code    78  stm32f10x_adc.o(i.ADC_DeInit)
    ADC_GetCalibrationStatus                 0x08000679   Thumb Code    20  stm32f10x_adc.o(i.ADC_GetCalibrationStatus)
    ADC_GetConversionValue                   0x0800068d   Thumb Code     8  stm32f10x_adc.o(i.ADC_GetConversionValue)
    ADC_GetFlagStatus                        0x08000695   Thumb Code    18  stm32f10x_adc.o(i.ADC_GetFlagStatus)
    ADC_GetResetCalibrationStatus            0x080006a7   Thumb Code    20  stm32f10x_adc.o(i.ADC_GetResetCalibrationStatus)
    ADC_Init                                 0x080006bd   Thumb Code    70  stm32f10x_adc.o(i.ADC_Init)
    ADC_RegularChannelConfig                 0x0800070d   Thumb Code   184  stm32f10x_adc.o(i.ADC_RegularChannelConfig)
    ADC_ResetCalibration                     0x080007c5   Thumb Code    10  stm32f10x_adc.o(i.ADC_ResetCalibration)
    ADC_SoftwareStartConvCmd                 0x080007cf   Thumb Code    22  stm32f10x_adc.o(i.ADC_SoftwareStartConvCmd)
    ADC_StartCalibration                     0x080007e5   Thumb Code    10  stm32f10x_adc.o(i.ADC_StartCalibration)
    ADC_TempSensorVrefintCmd                 0x080007f1   Thumb Code    30  stm32f10x_adc.o(i.ADC_TempSensorVrefintCmd)
    AT24CXX_Init                             0x08000815   Thumb Code     8  24cxx.o(i.AT24CXX_Init)
    AT24CXX_Read                             0x0800081d   Thumb Code    34  24cxx.o(i.AT24CXX_Read)
    AT24CXX_ReadOneByte                      0x0800083f   Thumb Code    88  24cxx.o(i.AT24CXX_ReadOneByte)
    AT24CXX_Write                            0x08000897   Thumb Code    36  24cxx.o(i.AT24CXX_Write)
    AT24CXX_WriteOneByte                     0x080008bb   Thumb Code    80  24cxx.o(i.AT24CXX_WriteOneByte)
    Adc3_Init                                0x0800090d   Thumb Code   120  adc.o(i.Adc3_Init)
    BKP_DeInit                               0x08000989   Thumb Code    16  stm32f10x_bkp.o(i.BKP_DeInit)
    BKP_ReadBackupRegister                   0x08000999   Thumb Code    24  stm32f10x_bkp.o(i.BKP_ReadBackupRegister)
    BKP_WriteBackupRegister                  0x080009b5   Thumb Code    22  stm32f10x_bkp.o(i.BKP_WriteBackupRegister)
    BusFault_Handler                         0x080009d1   Thumb Code     4  stm32f10x_it.o(i.BusFault_Handler)
    CT_Delay                                 0x080009d5   Thumb Code    10  ctiic.o(i.CT_Delay)
    CT_IIC_Ack                               0x080009e1   Thumb Code    66  ctiic.o(i.CT_IIC_Ack)
    CT_IIC_Init                              0x08000a35   Thumb Code    72  ctiic.o(i.CT_IIC_Init)
    CT_IIC_NAck                              0x08000a85   Thumb Code    66  ctiic.o(i.CT_IIC_NAck)
    CT_IIC_Read_Byte                         0x08000ad9   Thumb Code    94  ctiic.o(i.CT_IIC_Read_Byte)
    CT_IIC_Send_Byte                         0x08000b49   Thumb Code    82  ctiic.o(i.CT_IIC_Send_Byte)
    CT_IIC_Start                             0x08000bad   Thumb Code    62  ctiic.o(i.CT_IIC_Start)
    CT_IIC_Stop                              0x08000bf9   Thumb Code    56  ctiic.o(i.CT_IIC_Stop)
    CT_IIC_Wait_Ack                          0x08000c41   Thumb Code    82  ctiic.o(i.CT_IIC_Wait_Ack)
    ChangeMode                               0x08000ca5   Thumb Code    34  menu.o(i.ChangeMode)
    Choose_Season_Show                       0x08000ccd   Thumb Code    66  menu.o(i.Choose_Season_Show)
    Choose_Show                              0x08000d19   Thumb Code    74  time.o(i.Choose_Show)
    Control_light_light                      0x08000d71   Thumb Code    48  light.o(i.Control_light_light)
    Control_time_light                       0x08000db1   Thumb Code   598  light.o(i.Control_time_light)
    DebugMon_Handler                         0x0800103d   Thumb Code     2  stm32f10x_it.o(i.DebugMon_Handler)
    DrawKey                                  0x0800103f   Thumb Code    58  menu.o(i.DrawKey)
    DrawKeyboard                             0x08001079   Thumb Code   566  menu.o(i.DrawKeyboard)
    DrawLight                                0x08001325   Thumb Code   236  menu.o(i.DrawLight)
    DrawLightMenu                            0x08001419   Thumb Code   120  menu.o(i.DrawLightMenu)
    DrawManualMenu                           0x080014b5   Thumb Code   120  menu.o(i.DrawManualMenu)
    DrawMenu                                 0x08001551   Thumb Code    42  menu.o(i.DrawMenu)
    DrawSeasonMenu                           0x08001581   Thumb Code   354  menu.o(i.DrawSeasonMenu)
    DrawTimeMenu                             0x08001771   Thumb Code   132  menu.o(i.DrawTimeMenu)
    FLASH_ErasePage                          0x08001819   Thumb Code    72  stm32f10x_flash.o(i.FLASH_ErasePage)
    FLASH_GetBank1Status                     0x08001865   Thumb Code    48  stm32f10x_flash.o(i.FLASH_GetBank1Status)
    FLASH_Lock                               0x08001899   Thumb Code    14  stm32f10x_flash.o(i.FLASH_Lock)
    FLASH_ProgramHalfWord                    0x080018ad   Thumb Code    60  stm32f10x_flash.o(i.FLASH_ProgramHalfWord)
    FLASH_Unlock                             0x080018ed   Thumb Code    12  stm32f10x_flash.o(i.FLASH_Unlock)
    FLASH_WaitForLastOperation               0x08001905   Thumb Code    38  stm32f10x_flash.o(i.FLASH_WaitForLastOperation)
    FSMC_NORSRAMCmd                          0x0800192d   Thumb Code    46  stm32f10x_fsmc.o(i.FSMC_NORSRAMCmd)
    FSMC_NORSRAMInit                         0x08001961   Thumb Code   230  stm32f10x_fsmc.o(i.FSMC_NORSRAMInit)
    FT5206_Init                              0x08001a49   Thumb Code   216  ft5206.o(i.FT5206_Init)
    FT5206_RD_Reg                            0x08001b39   Thumb Code    88  ft5206.o(i.FT5206_RD_Reg)
    FT5206_Scan                              0x08001b91   Thumb Code   400  ft5206.o(i.FT5206_Scan)
    FT5206_WR_Reg                            0x08001d2d   Thumb Code    82  ft5206.o(i.FT5206_WR_Reg)
    Fill_key                                 0x08001d81   Thumb Code   512  press.o(i.Fill_key)
    Fill_white                               0x08001f85   Thumb Code   512  press.o(i.Fill_white)
    GPIO_Init                                0x08002189   Thumb Code   278  stm32f10x_gpio.o(i.GPIO_Init)
    GPIO_ResetBits                           0x0800229f   Thumb Code     4  stm32f10x_gpio.o(i.GPIO_ResetBits)
    GPIO_SetBits                             0x080022a3   Thumb Code     4  stm32f10x_gpio.o(i.GPIO_SetBits)
    GT9147_Init                              0x080022a9   Thumb Code   268  gt9147.o(i.GT9147_Init)
    GT9147_RD_Reg                            0x080023e9   Thumb Code    98  gt9147.o(i.GT9147_RD_Reg)
    GT9147_Scan                              0x0800244d   Thumb Code   494  gt9147.o(i.GT9147_Scan)
    GT9147_Send_Cfg                          0x0800264d   Thumb Code    86  gt9147.o(i.GT9147_Send_Cfg)
    GT9147_WR_Reg                            0x080026a9   Thumb Code    92  gt9147.o(i.GT9147_WR_Reg)
    Get_Adc3                                 0x08002705   Thumb Code    46  adc.o(i.Get_Adc3)
    Get_Temprate                             0x08002739   Thumb Code   106  adc.o(i.Get_Temprate)
    Get_keynum                               0x080027c1   Thumb Code   234  press.o(i.Get_keynum)
    HardFault_Handler                        0x080028b5   Thumb Code     4  stm32f10x_it.o(i.HardFault_Handler)
    IIC_Ack                                  0x080028b9   Thumb Code    66  myiic.o(i.IIC_Ack)
    IIC_Init                                 0x08002909   Thumb Code    46  myiic.o(i.IIC_Init)
    IIC_NAck                                 0x0800293d   Thumb Code    66  myiic.o(i.IIC_NAck)
    IIC_Read_Byte                            0x0800298d   Thumb Code    98  myiic.o(i.IIC_Read_Byte)
    IIC_Send_Byte                            0x080029fd   Thumb Code   104  myiic.o(i.IIC_Send_Byte)
    IIC_Start                                0x08002a71   Thumb Code    64  myiic.o(i.IIC_Start)
    IIC_Stop                                 0x08002abd   Thumb Code    62  myiic.o(i.IIC_Stop)
    IIC_Wait_Ack                             0x08002b09   Thumb Code    86  myiic.o(i.IIC_Wait_Ack)
    Input_show                               0x08002b6d   Thumb Code    58  press.o(i.Input_show)
    Is_Leap_Year                             0x08002bb1   Thumb Code    58  rtc.o(i.Is_Leap_Year)
    LCD_Clear                                0x08002bed   Thumb Code   100  lcd.o(i.LCD_Clear)
    LCD_Display_Dir                          0x08002c59   Thumb Code   444  lcd.o(i.LCD_Display_Dir)
    LCD_DrawLine                             0x08002e19   Thumb Code   176  lcd.o(i.LCD_DrawLine)
    LCD_DrawPoint                            0x08002ec9   Thumb Code    28  lcd.o(i.LCD_DrawPoint)
    LCD_DrawRectangle                        0x08002eed   Thumb Code    60  lcd.o(i.LCD_DrawRectangle)
    LCD_Draw_Circle                          0x08002f29   Thumb Code   152  lcd.o(i.LCD_Draw_Circle)
    LCD_Fast_DrawPoint                       0x08002fc1   Thumb Code   370  lcd.o(i.LCD_Fast_DrawPoint)
    LCD_Fill                                 0x0800313d   Thumb Code   178  lcd.o(i.LCD_Fill)
    LCD_Init                                 0x080031f9   Thumb Code 14186  lcd.o(i.LCD_Init)
    LCD_Pow                                  0x0800696d   Thumb Code    22  lcd.o(i.LCD_Pow)
    LCD_RD_DATA                              0x08006985   Thumb Code    14  lcd.o(i.LCD_RD_DATA)
    LCD_ReadReg                              0x08006999   Thumb Code    22  lcd.o(i.LCD_ReadReg)
    LCD_SSD_BackLightSet                     0x080069b1   Thumb Code    80  lcd.o(i.LCD_SSD_BackLightSet)
    LCD_Scan_Dir                             0x08006a05   Thumb Code   744  lcd.o(i.LCD_Scan_Dir)
    LCD_SetCursor                            0x08006cf1   Thumb Code   418  lcd.o(i.LCD_SetCursor)
    LCD_ShowChar                             0x08006e99   Thumb Code   272  lcd.o(i.LCD_ShowChar)
    LCD_ShowNum                              0x08006fc1   Thumb Code   148  lcd.o(i.LCD_ShowNum)
    LCD_ShowString                           0x08007055   Thumb Code   102  lcd.o(i.LCD_ShowString)
    LCD_ShowxNum                             0x080070bb   Thumb Code   190  lcd.o(i.LCD_ShowxNum)
    LCD_WR_DATA                              0x08007179   Thumb Code     6  lcd.o(i.LCD_WR_DATA)
    LCD_WR_REG                               0x08007185   Thumb Code     6  lcd.o(i.LCD_WR_REG)
    LCD_WriteRAM_Prepare                     0x08007191   Thumb Code    10  lcd.o(i.LCD_WriteRAM_Prepare)
    LCD_WriteReg                             0x080071a5   Thumb Code    10  lcd.o(i.LCD_WriteReg)
    LED_Init                                 0x080071b5   Thumb Code    68  led.o(i.LED_Init)
    Lsens_Get_Val                            0x08007201   Thumb Code    60  lsens.o(i.Lsens_Get_Val)
    Lsens_Init                               0x0800723d   Thumb Code    38  lsens.o(i.Lsens_Init)
    MemManage_Handler                        0x08007269   Thumb Code     4  stm32f10x_it.o(i.MemManage_Handler)
    NMI_Handler                              0x0800726d   Thumb Code     2  stm32f10x_it.o(i.NMI_Handler)
    NVIC_Init                                0x08007271   Thumb Code   100  misc.o(i.NVIC_Init)
    NVIC_PriorityGroupConfig                 0x080072e1   Thumb Code    10  misc.o(i.NVIC_PriorityGroupConfig)
    OTT2001A_Init                            0x080072f5   Thumb Code   156  ott2001a.o(i.OTT2001A_Init)
    OTT2001A_RD_Reg                          0x080073a9   Thumb Code    98  ott2001a.o(i.OTT2001A_RD_Reg)
    OTT2001A_Scan                            0x0800740d   Thumb Code   446  ott2001a.o(i.OTT2001A_Scan)
    OTT2001A_SensorControl                   0x080075ed   Thumb Code    28  ott2001a.o(i.OTT2001A_SensorControl)
    OTT2001A_WR_Reg                          0x08007609   Thumb Code    92  ott2001a.o(i.OTT2001A_WR_Reg)
    PWR_BackupAccessCmd                      0x08007665   Thumb Code     6  stm32f10x_pwr.o(i.PWR_BackupAccessCmd)
    PendSV_Handler                           0x08007671   Thumb Code     2  stm32f10x_it.o(i.PendSV_Handler)
    RCC_ADCCLKConfig                         0x08007675   Thumb Code    18  stm32f10x_rcc.o(i.RCC_ADCCLKConfig)
    RCC_AHBPeriphClockCmd                    0x0800768d   Thumb Code    26  stm32f10x_rcc.o(i.RCC_AHBPeriphClockCmd)
    RCC_APB1PeriphClockCmd                   0x080076ad   Thumb Code    26  stm32f10x_rcc.o(i.RCC_APB1PeriphClockCmd)
    RCC_APB2PeriphClockCmd                   0x080076cd   Thumb Code    26  stm32f10x_rcc.o(i.RCC_APB2PeriphClockCmd)
    RCC_APB2PeriphResetCmd                   0x080076ed   Thumb Code    26  stm32f10x_rcc.o(i.RCC_APB2PeriphResetCmd)
    RCC_BackupResetCmd                       0x0800770d   Thumb Code     6  stm32f10x_rcc.o(i.RCC_BackupResetCmd)
    RCC_GetClocksFreq                        0x08007719   Thumb Code   192  stm32f10x_rcc.o(i.RCC_GetClocksFreq)
    RCC_GetFlagStatus                        0x080077ed   Thumb Code    56  stm32f10x_rcc.o(i.RCC_GetFlagStatus)
    RCC_LSEConfig                            0x08007829   Thumb Code    46  stm32f10x_rcc.o(i.RCC_LSEConfig)
    RCC_RTCCLKCmd                            0x0800785d   Thumb Code     6  stm32f10x_rcc.o(i.RCC_RTCCLKCmd)
    RCC_RTCCLKConfig                         0x08007869   Thumb Code    12  stm32f10x_rcc.o(i.RCC_RTCCLKConfig)
    RTC_ClearITPendingBit                    0x08007879   Thumb Code    12  stm32f10x_rtc.o(i.RTC_ClearITPendingBit)
    RTC_EnterConfigMode                      0x08007889   Thumb Code    14  stm32f10x_rtc.o(i.RTC_EnterConfigMode)
    RTC_ExitConfigMode                       0x0800789d   Thumb Code    16  stm32f10x_rtc.o(i.RTC_ExitConfigMode)
    RTC_Get                                  0x080078b1   Thumb Code   240  rtc.o(i.RTC_Get)
    RTC_GetCounter                           0x080079b1   Thumb Code    16  stm32f10x_rtc.o(i.RTC_GetCounter)
    RTC_GetITStatus                          0x080079c5   Thumb Code    32  stm32f10x_rtc.o(i.RTC_GetITStatus)
    RTC_Get_Week                             0x080079e9   Thumb Code   116  rtc.o(i.RTC_Get_Week)
    RTC_IRQHandler                           0x08007a61   Thumb Code    76  rtc.o(i.RTC_IRQHandler)
    RTC_ITConfig                             0x08007ad1   Thumb Code    26  stm32f10x_rtc.o(i.RTC_ITConfig)
    RTC_Init                                 0x08007af1   Thumb Code   192  rtc.o(i.RTC_Init)
    RTC_Set                                  0x08007bd1   Thumb Code   184  rtc.o(i.RTC_Set)
    RTC_SetCounter                           0x08007c99   Thumb Code    24  stm32f10x_rtc.o(i.RTC_SetCounter)
    RTC_SetPrescaler                         0x08007cb5   Thumb Code    26  stm32f10x_rtc.o(i.RTC_SetPrescaler)
    RTC_WaitForLastTask                      0x08007cd5   Thumb Code    16  stm32f10x_rtc.o(i.RTC_WaitForLastTask)
    RTC_WaitForSynchro                       0x08007ce9   Thumb Code    30  stm32f10x_rtc.o(i.RTC_WaitForSynchro)
    STMFLASH_Read                            0x08007d0d   Thumb Code    34  stmflash.o(i.STMFLASH_Read)
    STMFLASH_ReadHalfWord                    0x08007d2f   Thumb Code     6  stmflash.o(i.STMFLASH_ReadHalfWord)
    STMFLASH_Write                           0x08007d35   Thumb Code   222  stmflash.o(i.STMFLASH_Write)
    STMFLASH_Write_NoCheck                   0x08007e1d   Thumb Code    38  stmflash.o(i.STMFLASH_Write_NoCheck)
    SVC_Handler                              0x08007e43   Thumb Code     2  stm32f10x_it.o(i.SVC_Handler)
    Scan_key                                 0x08007e45   Thumb Code   978  press.o(i.Scan_key)
    SetRun                                   0x08008281   Thumb Code   276  menu.o(i.SetRun)
    Show_light                               0x080084ad   Thumb Code   100  light.o(i.Show_light)
    Show_light_value                         0x08008521   Thumb Code    66  light.o(i.Show_light_value)
    SysTick_CLKSourceConfig                  0x08008579   Thumb Code    40  misc.o(i.SysTick_CLKSourceConfig)
    SysTick_Handler                          0x080085a1   Thumb Code     2  stm32f10x_it.o(i.SysTick_Handler)
    SystemInit                               0x080085a5   Thumb Code    78  system_stm32f10x.o(i.SystemInit)
    TIM3_IRQHandler                          0x08008605   Thumb Code    38  timer.o(i.TIM3_IRQHandler)
    TIM_ClearITPendingBit                    0x08008635   Thumb Code     6  stm32f10x_tim.o(i.TIM_ClearITPendingBit)
    TIM_GetITStatus                          0x0800863b   Thumb Code    34  stm32f10x_tim.o(i.TIM_GetITStatus)
    TP_Adj_Info_Show                         0x0800865d   Thumb Code   374  touch.o(i.TP_Adj_Info_Show)
    TP_Adjust                                0x08008805   Thumb Code  2058  touch.o(i.TP_Adjust)
    TP_Drow_Touch_Point                      0x08009061   Thumb Code   108  touch.o(i.TP_Drow_Touch_Point)
    TP_Get_Adjdata                           0x080090d1   Thumb Code    68  touch.o(i.TP_Get_Adjdata)
    TP_Init                                  0x08009121   Thumb Code   330  touch.o(i.TP_Init)
    TP_Read_AD                               0x08009289   Thumb Code   132  touch.o(i.TP_Read_AD)
    TP_Read_XOY                              0x0800931d   Thumb Code   120  touch.o(i.TP_Read_XOY)
    TP_Read_XY                               0x08009395   Thumb Code    38  touch.o(i.TP_Read_XY)
    TP_Read_XY2                              0x080093c5   Thumb Code   192  touch.o(i.TP_Read_XY2)
    TP_Save_Adjdata                          0x08009485   Thumb Code    22  touch.o(i.TP_Save_Adjdata)
    TP_Scan                                  0x080094a1   Thumb Code   262  touch.o(i.TP_Scan)
    TP_Write_Byte                            0x080095b1   Thumb Code    64  touch.o(i.TP_Write_Byte)
    T_Adc_Init                               0x080095fd   Thumb Code   118  adc.o(i.T_Adc_Init)
    T_Get_Adc                                0x08009679   Thumb Code    46  adc.o(i.T_Get_Adc)
    T_Get_Adc_Average                        0x080096ad   Thumb Code    46  adc.o(i.T_Get_Adc_Average)
    Time_Init                                0x080096db   Thumb Code    28  time.o(i.Time_Init)
    Time_run                                 0x080096f9   Thumb Code   444  time.o(i.Time_run)
    USART1_IRQHandler                        0x08009935   Thumb Code   122  usart.o(i.USART1_IRQHandler)
    USART_Cmd                                0x080099bd   Thumb Code    24  stm32f10x_usart.o(i.USART_Cmd)
    USART_GetITStatus                        0x080099d5   Thumb Code    84  stm32f10x_usart.o(i.USART_GetITStatus)
    USART_ITConfig                           0x08009a29   Thumb Code    74  stm32f10x_usart.o(i.USART_ITConfig)
    USART_Init                               0x08009a75   Thumb Code   210  stm32f10x_usart.o(i.USART_Init)
    USART_ReceiveData                        0x08009b4d   Thumb Code    10  stm32f10x_usart.o(i.USART_ReceiveData)
    UsageFault_Handler                       0x08009b57   Thumb Code     4  stm32f10x_it.o(i.UsageFault_Handler)
    _sys_exit                                0x08009b5b   Thumb Code     6  usart.o(i._sys_exit)
    delay_init                               0x08009b61   Thumb Code    50  delay.o(i.delay_init)
    delay_ms                                 0x08009ba5   Thumb Code    72  delay.o(i.delay_ms)
    delay_us                                 0x08009bf1   Thumb Code    72  delay.o(i.delay_us)
    flash_change                             0x08009c3d   Thumb Code   112  press.o(i.flash_change)
    flash_init                               0x08009ce5   Thumb Code   138  press.o(i.flash_init)
    fputc                                    0x08009da9   Thumb Code    24  usart.o(i.fputc)
    main                                     0x08009dc5   Thumb Code   136  main.o(i.main)
    py_key_staset                            0x08009e5d   Thumb Code    62  press.o(i.py_key_staset)
    sqrt                                     0x08009ea1   Thumb Code    76  sqrt.o(i.sqrt)
    temp_run                                 0x08009eed   Thumb Code   204  temp.o(i.temp_run)
    uart_init                                0x08009fdd   Thumb Code   152  usart.o(i.uart_init)
    __aeabi_dadd                             0x0800a07d   Thumb Code     0  daddsub_clz.o(x$fpl$dadd)
    _dadd                                    0x0800a07d   Thumb Code   332  daddsub_clz.o(x$fpl$dadd)
    __fpl_dcmp_Inf                           0x0800a1cd   Thumb Code    24  dcmpi.o(x$fpl$dcmpinf)
    __aeabi_ddiv                             0x0800a1e5   Thumb Code     0  ddiv.o(x$fpl$ddiv)
    _ddiv                                    0x0800a1e5   Thumb Code   552  ddiv.o(x$fpl$ddiv)
    __aeabi_d2iz                             0x0800a495   Thumb Code     0  dfix.o(x$fpl$dfix)
    _dfix                                    0x0800a495   Thumb Code    94  dfix.o(x$fpl$dfix)
    __aeabi_d2uiz                            0x0800a4f5   Thumb Code     0  dfixu.o(x$fpl$dfixu)
    _dfixu                                   0x0800a4f5   Thumb Code    90  dfixu.o(x$fpl$dfixu)
    __aeabi_i2d                              0x0800a54f   Thumb Code     0  dflt_clz.o(x$fpl$dflt)
    _dflt                                    0x0800a54f   Thumb Code    46  dflt_clz.o(x$fpl$dflt)
    __aeabi_ui2d                             0x0800a57d   Thumb Code     0  dflt_clz.o(x$fpl$dfltu)
    _dfltu                                   0x0800a57d   Thumb Code    38  dflt_clz.o(x$fpl$dfltu)
    __aeabi_cdcmple                          0x0800a5a5   Thumb Code     0  dleqf.o(x$fpl$dleqf)
    _dcmple                                  0x0800a5a5   Thumb Code   120  dleqf.o(x$fpl$dleqf)
    __fpl_dcmple_InfNaN                      0x0800a607   Thumb Code     0  dleqf.o(x$fpl$dleqf)
    __aeabi_dmul                             0x0800a61d   Thumb Code     0  dmul.o(x$fpl$dmul)
    _dmul                                    0x0800a61d   Thumb Code   332  dmul.o(x$fpl$dmul)
    __fpl_dnaninf                            0x0800a771   Thumb Code   156  dnaninf.o(x$fpl$dnaninf)
    __fpl_dretinf                            0x0800a80d   Thumb Code    12  dretinf.o(x$fpl$dretinf)
    __aeabi_cdrcmple                         0x0800a819   Thumb Code     0  drleqf.o(x$fpl$drleqf)
    _drcmple                                 0x0800a819   Thumb Code   108  drleqf.o(x$fpl$drleqf)
    __aeabi_drsub                            0x0800a885   Thumb Code     0  daddsub_clz.o(x$fpl$drsb)
    _drsb                                    0x0800a885   Thumb Code    22  daddsub_clz.o(x$fpl$drsb)
    _dsqrt                                   0x0800a89d   Thumb Code   456  dsqrt_noumaal.o(x$fpl$dsqrt)
    __aeabi_dsub                             0x0800aa69   Thumb Code     0  daddsub_clz.o(x$fpl$dsub)
    _dsub                                    0x0800aa69   Thumb Code   464  daddsub_clz.o(x$fpl$dsub)
    __aeabi_f2d                              0x0800ac3d   Thumb Code     0  f2d.o(x$fpl$f2d)
    _f2d                                     0x0800ac3d   Thumb Code    86  f2d.o(x$fpl$f2d)
    __aeabi_fadd                             0x0800ac95   Thumb Code     0  faddsub_clz.o(x$fpl$fadd)
    _fadd                                    0x0800ac95   Thumb Code   196  faddsub_clz.o(x$fpl$fadd)
    __aeabi_fdiv                             0x0800ad59   Thumb Code     0  fdiv.o(x$fpl$fdiv)
    _fdiv                                    0x0800ad59   Thumb Code   384  fdiv.o(x$fpl$fdiv)
    __aeabi_f2iz                             0x0800aedd   Thumb Code     0  ffix.o(x$fpl$ffix)
    _ffix                                    0x0800aedd   Thumb Code    54  ffix.o(x$fpl$ffix)
    __aeabi_f2uiz                            0x0800af15   Thumb Code     0  ffixu.o(x$fpl$ffixu)
    _ffixu                                   0x0800af15   Thumb Code    62  ffixu.o(x$fpl$ffixu)
    __aeabi_i2f                              0x0800af55   Thumb Code     0  fflt_clz.o(x$fpl$fflt)
    _fflt                                    0x0800af55   Thumb Code    48  fflt_clz.o(x$fpl$fflt)
    __aeabi_ui2f                             0x0800af85   Thumb Code     0  fflt_clz.o(x$fpl$ffltu)
    _ffltu                                   0x0800af85   Thumb Code    38  fflt_clz.o(x$fpl$ffltu)
    __aeabi_fmul                             0x0800afad   Thumb Code     0  fmul.o(x$fpl$fmul)
    _fmul                                    0x0800afad   Thumb Code   258  fmul.o(x$fpl$fmul)
    __fpl_fnaninf                            0x0800b0af   Thumb Code   140  fnaninf.o(x$fpl$fnaninf)
    __fpl_fretinf                            0x0800b13b   Thumb Code    10  fretinf.o(x$fpl$fretinf)
    __aeabi_fsub                             0x0800b145   Thumb Code     0  faddsub_clz.o(x$fpl$fsub)
    _fsub                                    0x0800b145   Thumb Code   234  faddsub_clz.o(x$fpl$fsub)
    __I$use$fp                               0x0800b22e   Number         0  usenofp.o(x$fpl$usenofp)
    asc2_1206                                0x0800b22e   Data        1140  lcd.o(.constdata)
    asc2_1608                                0x0800b6a2   Data        1520  lcd.o(.constdata)
    asc2_2412                                0x0800bc92   Data        3420  lcd.o(.constdata)
    table_week                               0x0800c9ee   Data          12  rtc.o(.constdata)
    mon_table                                0x0800c9fa   Data          12  rtc.o(.constdata)
    FT5206_TPX_TBL                           0x0800ca06   Data          10  ft5206.o(.constdata)
    GT9147_CFG_TBL                           0x0800ca10   Data         184  gt9147.o(.constdata)
    GT9147_TPX_TBL                           0x0800cac8   Data          10  gt9147.o(.constdata)
    OTT_TPX_TBL                              0x0800cad2   Data          10  ott2001a.o(.constdata)
    TP_REMIND_MSG_TBL                        0x0800cadc   Data           4  touch.o(.constdata)
    Region$$Table$$Base                      0x0800cb84   Number         0  anon$$obj.o(Region$$Table)
    Region$$Table$$Limit                     0x0800cba4   Number         0  anon$$obj.o(Region$$Table)
    SystemCoreClock                          0x20000000   Data           4  system_stm32f10x.o(.data)
    AHBPrescTable                            0x20000004   Data          16  system_stm32f10x.o(.data)
    __stdout                                 0x20000018   Data           4  usart.o(.data)
    USART_RX_STA                             0x2000001c   Data           2  usart.o(.data)
    POINT_COLOR                              0x20000032   Data           2  lcd.o(.data)
    BACK_COLOR                               0x20000034   Data           2  lcd.o(.data)
    tp_dev                                   0x2000003c   Data          52  touch.o(.data)
    CMD_RDX                                  0x20000070   Data           1  touch.o(.data)
    CMD_RDY                                  0x20000071   Data           1  touch.o(.data)
    seasonmenu_flag                          0x20000074   Data           4  menu.o(.data)
    mode_flag                                0x20000078   Data           4  menu.o(.data)
    input_num                                0x2000007c   Data           4  press.o(.data)
    input_times                              0x20000080   Data           4  press.o(.data)
    choose_flag                              0x20000084   Data           4  press.o(.data)
    choose_season_flag                       0x20000088   Data           4  press.o(.data)
    summer_begin_month                       0x20000090   Data           4  light.o(.data)
    summer_end_month                         0x20000094   Data           4  light.o(.data)
    summer_begin_day                         0x20000098   Data           4  light.o(.data)
    summer_end_day                           0x2000009c   Data           4  light.o(.data)
    summer_begin_hour                        0x200000a0   Data           4  light.o(.data)
    summer_end_hour                          0x200000a4   Data           4  light.o(.data)
    summer_begin_min                         0x200000a8   Data           4  light.o(.data)
    summer_end_min                           0x200000ac   Data           4  light.o(.data)
    winter_begin_hour                        0x200000b0   Data           4  light.o(.data)
    winter_end_hour                          0x200000b4   Data           4  light.o(.data)
    winter_begin_min                         0x200000b8   Data           4  light.o(.data)
    winter_end_min                           0x200000bc   Data           4  light.o(.data)
    season_flag                              0x200000c0   Data           4  light.o(.data)
    adcx                                     0x200000c4   Data           1  light.o(.data)
    light_flag                               0x200000c8   Data           4  light.o(.data)
    USART_RX_BUF                             0x200000d0   Data         200  usart.o(.bss)
    lcddev                                   0x20000198   Data          14  lcd.o(.bss)
    calendar                                 0x200001a6   Data          10  rtc.o(.bss)
    STMFLASH_BUF                             0x200001b0   Data        2048  stmflash.o(.bss)
    flash_data                               0x200009b0   Data          36  press.o(.bss)
    flash_data_temp                          0x200009d4   Data          36  press.o(.bss)
    __libspace_start                         0x200009f8   Data          96  libspace.o(.bss)
    __temporary_stack_top$libspace           0x20000a58   Data           0  libspace.o(.bss)



==============================================================================

Memory Map of the image

  Image Entry point : 0x080001e1

  Load Region LR_1 (Base: 0x08000000, Size: 0x0000cc74, Max: 0xffffffff, ABSOLUTE)

    Execution Region ER_RO (Base: 0x08000000, Size: 0x0000cba4, Max: 0xffffffff, ABSOLUTE)

    Base Addr    Size         Type   Attr      Idx    E Section Name        Object

    0x08000000   0x00000130   Data   RO          409    RESET               startup_stm32f10x_hd.o
    0x08000130   0x00000008   Code   RO         4557  * !!!main             c_w.l(__main.o)
    0x08000138   0x00000034   Code   RO         4812    !!!scatter          c_w.l(__scatter.o)
    0x0800016c   0x0000001a   Code   RO         4814    !!handler_copy      c_w.l(__scatter_copy.o)
    0x08000186   0x00000002   PAD
    0x08000188   0x0000001c   Code   RO         4816    !!handler_zi        c_w.l(__scatter_zi.o)
    0x080001a4   0x00000000   Code   RO         4552    .ARM.Collect$$_printf_percent$$00000000  c_w.l(_printf_percent.o)
    0x080001a4   0x00000006   Code   RO         4551    .ARM.Collect$$_printf_percent$$00000009  c_w.l(_printf_d.o)
    0x080001aa   0x00000006   Code   RO         4550    .ARM.Collect$$_printf_percent$$0000000C  c_w.l(_printf_x.o)
    0x080001b0   0x00000006   Code   RO         4549    .ARM.Collect$$_printf_percent$$00000014  c_w.l(_printf_s.o)
    0x080001b6   0x00000004   Code   RO         4636    .ARM.Collect$$_printf_percent$$00000017  c_w.l(_printf_percent_end.o)
    0x080001ba   0x00000002   Code   RO         4690    .ARM.Collect$$libinit$$00000000  c_w.l(libinit.o)
    0x080001bc   0x00000000   Code   RO         4694    .ARM.Collect$$libinit$$00000002  c_w.l(libinit2.o)
    0x080001bc   0x00000000   Code   RO         4696    .ARM.Collect$$libinit$$00000004  c_w.l(libinit2.o)
    0x080001bc   0x00000000   Code   RO         4699    .ARM.Collect$$libinit$$0000000A  c_w.l(libinit2.o)
    0x080001bc   0x00000000   Code   RO         4701    .ARM.Collect$$libinit$$0000000C  c_w.l(libinit2.o)
    0x080001bc   0x00000000   Code   RO         4703    .ARM.Collect$$libinit$$0000000E  c_w.l(libinit2.o)
    0x080001bc   0x00000000   Code   RO         4706    .ARM.Collect$$libinit$$00000011  c_w.l(libinit2.o)
    0x080001bc   0x00000000   Code   RO         4708    .ARM.Collect$$libinit$$00000013  c_w.l(libinit2.o)
    0x080001bc   0x00000000   Code   RO         4710    .ARM.Collect$$libinit$$00000015  c_w.l(libinit2.o)
    0x080001bc   0x00000000   Code   RO         4712    .ARM.Collect$$libinit$$00000017  c_w.l(libinit2.o)
    0x080001bc   0x00000000   Code   RO         4714    .ARM.Collect$$libinit$$00000019  c_w.l(libinit2.o)
    0x080001bc   0x00000000   Code   RO         4716    .ARM.Collect$$libinit$$0000001B  c_w.l(libinit2.o)
    0x080001bc   0x00000000   Code   RO         4718    .ARM.Collect$$libinit$$0000001D  c_w.l(libinit2.o)
    0x080001bc   0x00000000   Code   RO         4720    .ARM.Collect$$libinit$$0000001F  c_w.l(libinit2.o)
    0x080001bc   0x00000000   Code   RO         4722    .ARM.Collect$$libinit$$00000021  c_w.l(libinit2.o)
    0x080001bc   0x00000000   Code   RO         4724    .ARM.Collect$$libinit$$00000023  c_w.l(libinit2.o)
    0x080001bc   0x00000000   Code   RO         4726    .ARM.Collect$$libinit$$00000025  c_w.l(libinit2.o)
    0x080001bc   0x00000000   Code   RO         4730    .ARM.Collect$$libinit$$0000002C  c_w.l(libinit2.o)
    0x080001bc   0x00000000   Code   RO         4732    .ARM.Collect$$libinit$$0000002E  c_w.l(libinit2.o)
    0x080001bc   0x00000000   Code   RO         4734    .ARM.Collect$$libinit$$00000030  c_w.l(libinit2.o)
    0x080001bc   0x00000000   Code   RO         4736    .ARM.Collect$$libinit$$00000032  c_w.l(libinit2.o)
    0x080001bc   0x00000002   Code   RO         4737    .ARM.Collect$$libinit$$00000033  c_w.l(libinit2.o)
    0x080001be   0x00000002   Code   RO         4755    .ARM.Collect$$libshutdown$$00000000  c_w.l(libshutdown.o)
    0x080001c0   0x00000000   Code   RO         4766    .ARM.Collect$$libshutdown$$00000003  c_w.l(libshutdown2.o)
    0x080001c0   0x00000000   Code   RO         4769    .ARM.Collect$$libshutdown$$00000006  c_w.l(libshutdown2.o)
    0x080001c0   0x00000000   Code   RO         4772    .ARM.Collect$$libshutdown$$00000009  c_w.l(libshutdown2.o)
    0x080001c0   0x00000000   Code   RO         4774    .ARM.Collect$$libshutdown$$0000000B  c_w.l(libshutdown2.o)
    0x080001c0   0x00000000   Code   RO         4777    .ARM.Collect$$libshutdown$$0000000E  c_w.l(libshutdown2.o)
    0x080001c0   0x00000002   Code   RO         4778    .ARM.Collect$$libshutdown$$0000000F  c_w.l(libshutdown2.o)
    0x080001c2   0x00000000   Code   RO         4627    .ARM.Collect$$rtentry$$00000000  c_w.l(__rtentry.o)
    0x080001c2   0x00000000   Code   RO         4651    .ARM.Collect$$rtentry$$00000002  c_w.l(__rtentry2.o)
    0x080001c2   0x00000006   Code   RO         4663    .ARM.Collect$$rtentry$$00000004  c_w.l(__rtentry4.o)
    0x080001c8   0x00000000   Code   RO         4653    .ARM.Collect$$rtentry$$00000009  c_w.l(__rtentry2.o)
    0x080001c8   0x00000004   Code   RO         4654    .ARM.Collect$$rtentry$$0000000A  c_w.l(__rtentry2.o)
    0x080001cc   0x00000000   Code   RO         4656    .ARM.Collect$$rtentry$$0000000C  c_w.l(__rtentry2.o)
    0x080001cc   0x00000008   Code   RO         4657    .ARM.Collect$$rtentry$$0000000D  c_w.l(__rtentry2.o)
    0x080001d4   0x00000002   Code   RO         4691    .ARM.Collect$$rtexit$$00000000  c_w.l(rtexit.o)
    0x080001d6   0x00000000   Code   RO         4739    .ARM.Collect$$rtexit$$00000002  c_w.l(rtexit2.o)
    0x080001d6   0x00000004   Code   RO         4740    .ARM.Collect$$rtexit$$00000003  c_w.l(rtexit2.o)
    0x080001da   0x00000006   Code   RO         4741    .ARM.Collect$$rtexit$$00000004  c_w.l(rtexit2.o)
    0x080001e0   0x00000040   Code   RO          410  * .text               startup_stm32f10x_hd.o
    0x08000220   0x00000002   Code   RO         4496    .text               c_w.l(use_no_semi_2.o)
    0x08000222   0x00000002   PAD
    0x08000224   0x00000018   Code   RO         4500    .text               c_w.l(noretval__2printf.o)
    0x0800023c   0x00000068   Code   RO         4502    .text               c_w.l(__printf.o)
    0x080002a4   0x00000052   Code   RO         4504    .text               c_w.l(_printf_str.o)
    0x080002f6   0x00000002   PAD
    0x080002f8   0x00000078   Code   RO         4506    .text               c_w.l(_printf_dec.o)
    0x08000370   0x00000058   Code   RO         4511    .text               c_w.l(_printf_hex_int.o)
    0x080003c8   0x00000080   Code   RO         4553    .text               c_w.l(strcmpv7m.o)
    0x08000448   0x00000006   Code   RO         4555    .text               c_w.l(heapauxi.o)
    0x0800044e   0x00000002   Code   RO         4625    .text               c_w.l(use_no_semi.o)
    0x08000450   0x00000016   Code   RO         4628    .text               c_w.l(_rserrno.o)
    0x08000466   0x000000b2   Code   RO         4630    .text               c_w.l(_printf_intcommon.o)
    0x08000518   0x0000002c   Code   RO         4632    .text               c_w.l(_printf_char.o)
    0x08000544   0x00000024   Code   RO         4634    .text               c_w.l(_printf_char_file.o)
    0x08000568   0x00000008   Code   RO         4668    .text               c_w.l(rt_errno_addr_intlibspace.o)
    0x08000570   0x00000030   Code   RO         4670    .text               c_w.l(_printf_char_common.o)
    0x080005a0   0x00000008   Code   RO         4672    .text               c_w.l(ferror.o)
    0x080005a8   0x00000008   Code   RO         4676    .text               c_w.l(libspace.o)
    0x080005b0   0x0000004a   Code   RO         4679    .text               c_w.l(sys_stackheap_outer.o)
    0x080005fa   0x0000000c   Code   RO         4683    .text               c_w.l(exit.o)
    0x08000606   0x00000016   Code   RO          456    i.ADC_Cmd           stm32f10x_adc.o
    0x0800061c   0x0000005c   Code   RO          458    i.ADC_DeInit        stm32f10x_adc.o
    0x08000678   0x00000014   Code   RO          464    i.ADC_GetCalibrationStatus  stm32f10x_adc.o
    0x0800068c   0x00000008   Code   RO          465    i.ADC_GetConversionValue  stm32f10x_adc.o
    0x08000694   0x00000012   Code   RO          467    i.ADC_GetFlagStatus  stm32f10x_adc.o
    0x080006a6   0x00000014   Code   RO          470    i.ADC_GetResetCalibrationStatus  stm32f10x_adc.o
    0x080006ba   0x00000002   PAD
    0x080006bc   0x00000050   Code   RO          474    i.ADC_Init          stm32f10x_adc.o
    0x0800070c   0x000000b8   Code   RO          478    i.ADC_RegularChannelConfig  stm32f10x_adc.o
    0x080007c4   0x0000000a   Code   RO          479    i.ADC_ResetCalibration  stm32f10x_adc.o
    0x080007ce   0x00000016   Code   RO          481    i.ADC_SoftwareStartConvCmd  stm32f10x_adc.o
    0x080007e4   0x0000000a   Code   RO          483    i.ADC_StartCalibration  stm32f10x_adc.o
    0x080007ee   0x00000002   PAD
    0x080007f0   0x00000024   Code   RO          485    i.ADC_TempSensorVrefintCmd  stm32f10x_adc.o
    0x08000814   0x00000008   Code   RO         3999    i.AT24CXX_Init      24cxx.o
    0x0800081c   0x00000022   Code   RO         4000    i.AT24CXX_Read      24cxx.o
    0x0800083e   0x00000058   Code   RO         4002    i.AT24CXX_ReadOneByte  24cxx.o
    0x08000896   0x00000024   Code   RO         4003    i.AT24CXX_Write     24cxx.o
    0x080008ba   0x00000050   Code   RO         4005    i.AT24CXX_WriteOneByte  24cxx.o
    0x0800090a   0x00000002   PAD
    0x0800090c   0x0000007c   Code   RO         4136    i.Adc3_Init         adc.o
    0x08000988   0x00000010   Code   RO          674    i.BKP_DeInit        stm32f10x_bkp.o
    0x08000998   0x0000001c   Code   RO          679    i.BKP_ReadBackupRegister  stm32f10x_bkp.o
    0x080009b4   0x0000001c   Code   RO          683    i.BKP_WriteBackupRegister  stm32f10x_bkp.o
    0x080009d0   0x00000004   Code   RO          178    i.BusFault_Handler  stm32f10x_it.o
    0x080009d4   0x0000000a   Code   RO         3711    i.CT_Delay          ctiic.o
    0x080009de   0x00000002   PAD
    0x080009e0   0x00000054   Code   RO         3712    i.CT_IIC_Ack        ctiic.o
    0x08000a34   0x00000050   Code   RO         3713    i.CT_IIC_Init       ctiic.o
    0x08000a84   0x00000054   Code   RO         3714    i.CT_IIC_NAck       ctiic.o
    0x08000ad8   0x00000070   Code   RO         3715    i.CT_IIC_Read_Byte  ctiic.o
    0x08000b48   0x00000064   Code   RO         3716    i.CT_IIC_Send_Byte  ctiic.o
    0x08000bac   0x0000004c   Code   RO         3717    i.CT_IIC_Start      ctiic.o
    0x08000bf8   0x00000048   Code   RO         3718    i.CT_IIC_Stop       ctiic.o
    0x08000c40   0x00000064   Code   RO         3719    i.CT_IIC_Wait_Ack   ctiic.o
    0x08000ca4   0x00000028   Code   RO         4250    i.ChangeMode        menu.o
    0x08000ccc   0x0000004c   Code   RO         4251    i.Choose_Season_Show  menu.o
    0x08000d18   0x00000058   Code   RO         4336    i.Choose_Show       time.o
    0x08000d70   0x00000040   Code   RO         4433    i.Control_light_light  light.o
    0x08000db0   0x0000028c   Code   RO         4434    i.Control_time_light  light.o
    0x0800103c   0x00000002   Code   RO          179    i.DebugMon_Handler  stm32f10x_it.o
    0x0800103e   0x0000003a   Code   RO         4252    i.DrawKey           menu.o
    0x08001078   0x000002ac   Code   RO         4253    i.DrawKeyboard      menu.o
    0x08001324   0x000000f4   Code   RO         4254    i.DrawLight         menu.o
    0x08001418   0x0000009c   Code   RO         4255    i.DrawLightMenu     menu.o
    0x080014b4   0x0000009c   Code   RO         4256    i.DrawManualMenu    menu.o
    0x08001550   0x00000030   Code   RO         4257    i.DrawMenu          menu.o
    0x08001580   0x000001f0   Code   RO         4258    i.DrawSeasonMenu    menu.o
    0x08001770   0x000000a8   Code   RO         4259    i.DrawTimeMenu      menu.o
    0x08001818   0x0000004c   Code   RO         1270    i.FLASH_ErasePage   stm32f10x_flash.o
    0x08001864   0x00000034   Code   RO         1271    i.FLASH_GetBank1Status  stm32f10x_flash.o
    0x08001898   0x00000014   Code   RO         1280    i.FLASH_Lock        stm32f10x_flash.o
    0x080018ac   0x00000040   Code   RO         1283    i.FLASH_ProgramHalfWord  stm32f10x_flash.o
    0x080018ec   0x00000018   Code   RO         1288    i.FLASH_Unlock      stm32f10x_flash.o
    0x08001904   0x00000026   Code   RO         1292    i.FLASH_WaitForLastOperation  stm32f10x_flash.o
    0x0800192a   0x00000002   PAD
    0x0800192c   0x00000034   Code   RO         1450    i.FSMC_NORSRAMCmd   stm32f10x_fsmc.o
    0x08001960   0x000000e6   Code   RO         1452    i.FSMC_NORSRAMInit  stm32f10x_fsmc.o
    0x08001a46   0x00000002   PAD
    0x08001a48   0x000000f0   Code   RO         3774    i.FT5206_Init       ft5206.o
    0x08001b38   0x00000058   Code   RO         3775    i.FT5206_RD_Reg     ft5206.o
    0x08001b90   0x0000019c   Code   RO         3776    i.FT5206_Scan       ft5206.o
    0x08001d2c   0x00000052   Code   RO         3777    i.FT5206_WR_Reg     ft5206.o
    0x08001d7e   0x00000002   PAD
    0x08001d80   0x00000204   Code   RO         4366    i.Fill_key          press.o
    0x08001f84   0x00000204   Code   RO         4367    i.Fill_white        press.o
    0x08002188   0x00000116   Code   RO         1565    i.GPIO_Init         stm32f10x_gpio.o
    0x0800229e   0x00000004   Code   RO         1572    i.GPIO_ResetBits    stm32f10x_gpio.o
    0x080022a2   0x00000004   Code   RO         1573    i.GPIO_SetBits      stm32f10x_gpio.o
    0x080022a6   0x00000002   PAD
    0x080022a8   0x00000140   Code   RO         3815    i.GT9147_Init       gt9147.o
    0x080023e8   0x00000062   Code   RO         3816    i.GT9147_RD_Reg     gt9147.o
    0x0800244a   0x00000002   PAD
    0x0800244c   0x00000200   Code   RO         3817    i.GT9147_Scan       gt9147.o
    0x0800264c   0x0000005c   Code   RO         3818    i.GT9147_Send_Cfg   gt9147.o
    0x080026a8   0x0000005c   Code   RO         3819    i.GT9147_WR_Reg     gt9147.o
    0x08002704   0x00000034   Code   RO         4137    i.Get_Adc3          adc.o
    0x08002738   0x00000088   Code   RO         4138    i.Get_Temprate      adc.o
    0x080027c0   0x000000f4   Code   RO         4368    i.Get_keynum        press.o
    0x080028b4   0x00000004   Code   RO          180    i.HardFault_Handler  stm32f10x_it.o
    0x080028b8   0x00000050   Code   RO         4052    i.IIC_Ack           myiic.o
    0x08002908   0x00000034   Code   RO         4053    i.IIC_Init          myiic.o
    0x0800293c   0x00000050   Code   RO         4054    i.IIC_NAck          myiic.o
    0x0800298c   0x00000070   Code   RO         4055    i.IIC_Read_Byte     myiic.o
    0x080029fc   0x00000074   Code   RO         4056    i.IIC_Send_Byte     myiic.o
    0x08002a70   0x0000004c   Code   RO         4057    i.IIC_Start         myiic.o
    0x08002abc   0x0000004c   Code   RO         4058    i.IIC_Stop          myiic.o
    0x08002b08   0x00000064   Code   RO         4059    i.IIC_Wait_Ack      myiic.o
    0x08002b6c   0x00000044   Code   RO         4369    i.Input_show        press.o
    0x08002bb0   0x0000003a   Code   RO         3619    i.Is_Leap_Year      rtc.o
    0x08002bea   0x00000002   PAD
    0x08002bec   0x0000006c   Code   RO         3382    i.LCD_Clear         lcd.o
    0x08002c58   0x000001c0   Code   RO         3386    i.LCD_Display_Dir   lcd.o
    0x08002e18   0x000000b0   Code   RO         3387    i.LCD_DrawLine      lcd.o
    0x08002ec8   0x00000024   Code   RO         3388    i.LCD_DrawPoint     lcd.o
    0x08002eec   0x0000003c   Code   RO         3389    i.LCD_DrawRectangle  lcd.o
    0x08002f28   0x00000098   Code   RO         3390    i.LCD_Draw_Circle   lcd.o
    0x08002fc0   0x0000017c   Code   RO         3391    i.LCD_Fast_DrawPoint  lcd.o
    0x0800313c   0x000000bc   Code   RO         3392    i.LCD_Fill          lcd.o
    0x080031f8   0x00003774   Code   RO         3393    i.LCD_Init          lcd.o
    0x0800696c   0x00000016   Code   RO         3394    i.LCD_Pow           lcd.o
    0x08006982   0x00000002   PAD
    0x08006984   0x00000014   Code   RO         3395    i.LCD_RD_DATA       lcd.o
    0x08006998   0x00000016   Code   RO         3397    i.LCD_ReadReg       lcd.o
    0x080069ae   0x00000002   PAD
    0x080069b0   0x00000054   Code   RO         3398    i.LCD_SSD_BackLightSet  lcd.o
    0x08006a04   0x000002ec   Code   RO         3399    i.LCD_Scan_Dir      lcd.o
    0x08006cf0   0x000001a8   Code   RO         3400    i.LCD_SetCursor     lcd.o
    0x08006e98   0x00000128   Code   RO         3402    i.LCD_ShowChar      lcd.o
    0x08006fc0   0x00000094   Code   RO         3403    i.LCD_ShowNum       lcd.o
    0x08007054   0x00000066   Code   RO         3404    i.LCD_ShowString    lcd.o
    0x080070ba   0x000000be   Code   RO         3405    i.LCD_ShowxNum      lcd.o
    0x08007178   0x0000000c   Code   RO         3406    i.LCD_WR_DATA       lcd.o
    0x08007184   0x0000000c   Code   RO         3407    i.LCD_WR_REG        lcd.o
    0x08007190   0x00000014   Code   RO         3409    i.LCD_WriteRAM_Prepare  lcd.o
    0x080071a4   0x00000010   Code   RO         3410    i.LCD_WriteReg      lcd.o
    0x080071b4   0x0000004c   Code   RO         3607    i.LED_Init          led.o
    0x08007200   0x0000003c   Code   RO         4112    i.Lsens_Get_Val     lsens.o
    0x0800723c   0x0000002c   Code   RO         4113    i.Lsens_Init        lsens.o
    0x08007268   0x00000004   Code   RO          181    i.MemManage_Handler  stm32f10x_it.o
    0x0800726c   0x00000002   Code   RO          182    i.NMI_Handler       stm32f10x_it.o
    0x0800726e   0x00000002   PAD
    0x08007270   0x00000070   Code   RO          414    i.NVIC_Init         misc.o
    0x080072e0   0x00000014   Code   RO          415    i.NVIC_PriorityGroupConfig  misc.o
    0x080072f4   0x000000b4   Code   RO         3862    i.OTT2001A_Init     ott2001a.o
    0x080073a8   0x00000062   Code   RO         3863    i.OTT2001A_RD_Reg   ott2001a.o
    0x0800740a   0x00000002   PAD
    0x0800740c   0x000001e0   Code   RO         3864    i.OTT2001A_Scan     ott2001a.o
    0x080075ec   0x0000001c   Code   RO         3865    i.OTT2001A_SensorControl  ott2001a.o
    0x08007608   0x0000005c   Code   RO         3866    i.OTT2001A_WR_Reg   ott2001a.o
    0x08007664   0x0000000c   Code   RO         1919    i.PWR_BackupAccessCmd  stm32f10x_pwr.o
    0x08007670   0x00000002   Code   RO          183    i.PendSV_Handler    stm32f10x_it.o
    0x08007672   0x00000002   PAD
    0x08007674   0x00000018   Code   RO         1979    i.RCC_ADCCLKConfig  stm32f10x_rcc.o
    0x0800768c   0x00000020   Code   RO         1980    i.RCC_AHBPeriphClockCmd  stm32f10x_rcc.o
    0x080076ac   0x00000020   Code   RO         1981    i.RCC_APB1PeriphClockCmd  stm32f10x_rcc.o
    0x080076cc   0x00000020   Code   RO         1983    i.RCC_APB2PeriphClockCmd  stm32f10x_rcc.o
    0x080076ec   0x00000020   Code   RO         1984    i.RCC_APB2PeriphResetCmd  stm32f10x_rcc.o
    0x0800770c   0x0000000c   Code   RO         1986    i.RCC_BackupResetCmd  stm32f10x_rcc.o
    0x08007718   0x000000d4   Code   RO         1991    i.RCC_GetClocksFreq  stm32f10x_rcc.o
    0x080077ec   0x0000003c   Code   RO         1992    i.RCC_GetFlagStatus  stm32f10x_rcc.o
    0x08007828   0x00000034   Code   RO         1999    i.RCC_LSEConfig     stm32f10x_rcc.o
    0x0800785c   0x0000000c   Code   RO         2006    i.RCC_RTCCLKCmd     stm32f10x_rcc.o
    0x08007868   0x00000010   Code   RO         2007    i.RCC_RTCCLKConfig  stm32f10x_rcc.o
    0x08007878   0x00000010   Code   RO         2180    i.RTC_ClearITPendingBit  stm32f10x_rtc.o
    0x08007888   0x00000014   Code   RO         2181    i.RTC_EnterConfigMode  stm32f10x_rtc.o
    0x0800789c   0x00000014   Code   RO         2182    i.RTC_ExitConfigMode  stm32f10x_rtc.o
    0x080078b0   0x00000100   Code   RO         3621    i.RTC_Get           rtc.o
    0x080079b0   0x00000014   Code   RO         2183    i.RTC_GetCounter    stm32f10x_rtc.o
    0x080079c4   0x00000024   Code   RO         2186    i.RTC_GetITStatus   stm32f10x_rtc.o
    0x080079e8   0x00000078   Code   RO         3622    i.RTC_Get_Week      rtc.o
    0x08007a60   0x00000070   Code   RO         3623    i.RTC_IRQHandler    rtc.o
    0x08007ad0   0x00000020   Code   RO         2187    i.RTC_ITConfig      stm32f10x_rtc.o
    0x08007af0   0x000000c0   Code   RO         3624    i.RTC_Init          rtc.o
    0x08007bb0   0x00000020   Code   RO         3625    i.RTC_NVIC_Config   rtc.o
    0x08007bd0   0x000000c8   Code   RO         3626    i.RTC_Set           rtc.o
    0x08007c98   0x0000001c   Code   RO         2189    i.RTC_SetCounter    stm32f10x_rtc.o
    0x08007cb4   0x00000020   Code   RO         2190    i.RTC_SetPrescaler  stm32f10x_rtc.o
    0x08007cd4   0x00000014   Code   RO         2191    i.RTC_WaitForLastTask  stm32f10x_rtc.o
    0x08007ce8   0x00000024   Code   RO         2192    i.RTC_WaitForSynchro  stm32f10x_rtc.o
    0x08007d0c   0x00000022   Code   RO         4184    i.STMFLASH_Read     stmflash.o
    0x08007d2e   0x00000006   Code   RO         4185    i.STMFLASH_ReadHalfWord  stmflash.o
    0x08007d34   0x000000e8   Code   RO         4186    i.STMFLASH_Write    stmflash.o
    0x08007e1c   0x00000026   Code   RO         4187    i.STMFLASH_Write_NoCheck  stmflash.o
    0x08007e42   0x00000002   Code   RO          184    i.SVC_Handler       stm32f10x_it.o
    0x08007e44   0x0000043c   Code   RO         4370    i.Scan_key          press.o
    0x08008280   0x00000144   Code   RO         4260    i.SetRun            menu.o
    0x080083c4   0x00000008   Code   RO          241    i.SetSysClock       system_stm32f10x.o
    0x080083cc   0x000000e0   Code   RO          242    i.SetSysClockTo72   system_stm32f10x.o
    0x080084ac   0x00000074   Code   RO         4437    i.Show_light        light.o
    0x08008520   0x00000058   Code   RO         4438    i.Show_light_value  light.o
    0x08008578   0x00000028   Code   RO          418    i.SysTick_CLKSourceConfig  misc.o
    0x080085a0   0x00000002   Code   RO          185    i.SysTick_Handler   stm32f10x_it.o
    0x080085a2   0x00000002   PAD
    0x080085a4   0x00000060   Code   RO          244    i.SystemInit        system_stm32f10x.o
    0x08008604   0x00000030   Code   RO         4223    i.TIM3_IRQHandler   timer.o
    0x08008634   0x00000006   Code   RO         2610    i.TIM_ClearITPendingBit  stm32f10x_tim.o
    0x0800863a   0x00000022   Code   RO         2636    i.TIM_GetITStatus   stm32f10x_tim.o
    0x0800865c   0x000001a8   Code   RO         3902    i.TP_Adj_Info_Show  touch.o
    0x08008804   0x0000085c   Code   RO         3903    i.TP_Adjust         touch.o
    0x08009060   0x00000070   Code   RO         3905    i.TP_Drow_Touch_Point  touch.o
    0x080090d0   0x00000050   Code   RO         3906    i.TP_Get_Adjdata    touch.o
    0x08009120   0x00000168   Code   RO         3907    i.TP_Init           touch.o
    0x08009288   0x00000094   Code   RO         3908    i.TP_Read_AD        touch.o
    0x0800931c   0x00000078   Code   RO         3909    i.TP_Read_XOY       touch.o
    0x08009394   0x00000030   Code   RO         3910    i.TP_Read_XY        touch.o
    0x080093c4   0x000000c0   Code   RO         3911    i.TP_Read_XY2       touch.o
    0x08009484   0x0000001c   Code   RO         3912    i.TP_Save_Adjdata   touch.o
    0x080094a0   0x00000110   Code   RO         3913    i.TP_Scan           touch.o
    0x080095b0   0x0000004c   Code   RO         3914    i.TP_Write_Byte     touch.o
    0x080095fc   0x0000007c   Code   RO         4139    i.T_Adc_Init        adc.o
    0x08009678   0x00000034   Code   RO         4140    i.T_Get_Adc         adc.o
    0x080096ac   0x0000002e   Code   RO         4141    i.T_Get_Adc_Average  adc.o
    0x080096da   0x0000001c   Code   RO         4338    i.Time_Init         time.o
    0x080096f6   0x00000002   PAD
    0x080096f8   0x0000023c   Code   RO         4339    i.Time_run          time.o
    0x08009934   0x00000088   Code   RO          356    i.USART1_IRQHandler  usart.o
    0x080099bc   0x00000018   Code   RO         3151    i.USART_Cmd         stm32f10x_usart.o
    0x080099d4   0x00000054   Code   RO         3155    i.USART_GetITStatus  stm32f10x_usart.o
    0x08009a28   0x0000004a   Code   RO         3157    i.USART_ITConfig    stm32f10x_usart.o
    0x08009a72   0x00000002   PAD
    0x08009a74   0x000000d8   Code   RO         3158    i.USART_Init        stm32f10x_usart.o
    0x08009b4c   0x0000000a   Code   RO         3165    i.USART_ReceiveData  stm32f10x_usart.o
    0x08009b56   0x00000004   Code   RO          186    i.UsageFault_Handler  stm32f10x_it.o
    0x08009b5a   0x00000006   Code   RO          357    i._sys_exit         usart.o
    0x08009b60   0x00000044   Code   RO          275    i.delay_init        delay.o
    0x08009ba4   0x0000004c   Code   RO          276    i.delay_ms          delay.o
    0x08009bf0   0x0000004c   Code   RO          277    i.delay_us          delay.o
    0x08009c3c   0x000000a8   Code   RO         4371    i.flash_change      press.o
    0x08009ce4   0x000000c4   Code   RO         4372    i.flash_init        press.o
    0x08009da8   0x0000001c   Code   RO          358    i.fputc             usart.o
    0x08009dc4   0x00000098   Code   RO            1    i.main              main.o
    0x08009e5c   0x00000044   Code   RO         4374    i.py_key_staset     press.o
    0x08009ea0   0x0000004c   Code   RO         4618    i.sqrt              m_ws.l(sqrt.o)
    0x08009eec   0x000000f0   Code   RO         4481    i.temp_run          temp.o
    0x08009fdc   0x000000a0   Code   RO          359    i.uart_init         usart.o
    0x0800a07c   0x00000150   Code   RO         4559    x$fpl$dadd          fz_ws.l(daddsub_clz.o)
    0x0800a1cc   0x00000018   Code   RO         4637    x$fpl$dcmpinf       fz_ws.l(dcmpi.o)
    0x0800a1e4   0x000002b0   Code   RO         4566    x$fpl$ddiv          fz_ws.l(ddiv.o)
    0x0800a494   0x0000005e   Code   RO         4569    x$fpl$dfix          fz_ws.l(dfix.o)
    0x0800a4f2   0x00000002   PAD
    0x0800a4f4   0x0000005a   Code   RO         4573    x$fpl$dfixu         fz_ws.l(dfixu.o)
    0x0800a54e   0x0000002e   Code   RO         4578    x$fpl$dflt          fz_ws.l(dflt_clz.o)
    0x0800a57c   0x00000026   Code   RO         4577    x$fpl$dfltu         fz_ws.l(dflt_clz.o)
    0x0800a5a2   0x00000002   PAD
    0x0800a5a4   0x00000078   Code   RO         4583    x$fpl$dleqf         fz_ws.l(dleqf.o)
    0x0800a61c   0x00000154   Code   RO         4585    x$fpl$dmul          fz_ws.l(dmul.o)
    0x0800a770   0x0000009c   Code   RO         4639    x$fpl$dnaninf       fz_ws.l(dnaninf.o)
    0x0800a80c   0x0000000c   Code   RO         4641    x$fpl$dretinf       fz_ws.l(dretinf.o)
    0x0800a818   0x0000006c   Code   RO         4587    x$fpl$drleqf        fz_ws.l(drleqf.o)
    0x0800a884   0x00000016   Code   RO         4560    x$fpl$drsb          fz_ws.l(daddsub_clz.o)
    0x0800a89a   0x00000002   PAD
    0x0800a89c   0x000001cc   Code   RO         4643    x$fpl$dsqrt         fz_ws.l(dsqrt_noumaal.o)
    0x0800aa68   0x000001d4   Code   RO         4561    x$fpl$dsub          fz_ws.l(daddsub_clz.o)
    0x0800ac3c   0x00000056   Code   RO         4589    x$fpl$f2d           fz_ws.l(f2d.o)
    0x0800ac92   0x00000002   PAD
    0x0800ac94   0x000000c4   Code   RO         4591    x$fpl$fadd          fz_ws.l(faddsub_clz.o)
    0x0800ad58   0x00000184   Code   RO         4598    x$fpl$fdiv          fz_ws.l(fdiv.o)
    0x0800aedc   0x00000036   Code   RO         4601    x$fpl$ffix          fz_ws.l(ffix.o)
    0x0800af12   0x00000002   PAD
    0x0800af14   0x0000003e   Code   RO         4605    x$fpl$ffixu         fz_ws.l(ffixu.o)
    0x0800af52   0x00000002   PAD
    0x0800af54   0x00000030   Code   RO         4610    x$fpl$fflt          fz_ws.l(fflt_clz.o)
    0x0800af84   0x00000026   Code   RO         4609    x$fpl$ffltu         fz_ws.l(fflt_clz.o)
    0x0800afaa   0x00000002   PAD
    0x0800afac   0x00000102   Code   RO         4615    x$fpl$fmul          fz_ws.l(fmul.o)
    0x0800b0ae   0x0000008c   Code   RO         4645    x$fpl$fnaninf       fz_ws.l(fnaninf.o)
    0x0800b13a   0x0000000a   Code   RO         4647    x$fpl$fretinf       fz_ws.l(fretinf.o)
    0x0800b144   0x000000ea   Code   RO         4593    x$fpl$fsub          fz_ws.l(faddsub_clz.o)
    0x0800b22e   0x00000000   Code   RO         4649    x$fpl$usenofp       fz_ws.l(usenofp.o)
    0x0800b22e   0x000017c0   Data   RO         3413    .constdata          lcd.o
    0x0800c9ee   0x00000018   Data   RO         3628    .constdata          rtc.o
    0x0800ca06   0x0000000a   Data   RO         3778    .constdata          ft5206.o
    0x0800ca10   0x000000c2   Data   RO         3820    .constdata          gt9147.o
    0x0800cad2   0x0000000a   Data   RO         3867    .constdata          ott2001a.o
    0x0800cadc   0x00000004   Data   RO         3915    .constdata          touch.o
    0x0800cae0   0x00000028   Data   RO         4512    .constdata          c_w.l(_printf_hex_int.o)
    0x0800cb08   0x00000079   Data   RO         3916    .conststring        touch.o
    0x0800cb81   0x00000003   PAD
    0x0800cb84   0x00000020   Data   RO         4810    Region$$Table       anon$$obj.o


    Execution Region ER_RW (Base: 0x20000000, Size: 0x000000d0, Max: 0xffffffff, ABSOLUTE)

    Base Addr    Size         Type   Attr      Idx    E Section Name        Object

    0x20000000   0x00000014   Data   RW          245    .data               system_stm32f10x.o
    0x20000014   0x00000004   Data   RW          278    .data               delay.o
    0x20000018   0x00000006   Data   RW          361    .data               usart.o
    0x2000001e   0x00000014   Data   RW         2011    .data               stm32f10x_rcc.o
    0x20000032   0x00000004   Data   RW         3414    .data               lcd.o
    0x20000036   0x00000002   Data   RW         3629    .data               rtc.o
    0x20000038   0x00000001   Data   RW         3779    .data               ft5206.o
    0x20000039   0x00000001   Data   RW         3821    .data               gt9147.o
    0x2000003a   0x00000001   Data   RW         3868    .data               ott2001a.o
    0x2000003b   0x00000001   PAD
    0x2000003c   0x00000036   Data   RW         3917    .data               touch.o
    0x20000072   0x00000002   PAD
    0x20000074   0x00000008   Data   RW         4261    .data               menu.o
    0x2000007c   0x00000011   Data   RW         4376    .data               press.o
    0x2000008d   0x00000003   PAD
    0x20000090   0x0000003c   Data   RW         4439    .data               light.o
    0x200000cc   0x00000002   Data   RW         4482    .data               temp.o


    Execution Region ER_ZI (Base: 0x200000d0, Size: 0x00000f88, Max: 0xffffffff, ABSOLUTE)

    Base Addr    Size         Type   Attr      Idx    E Section Name        Object

    0x200000d0   0x000000c8   Zero   RW          360    .bss                usart.o
    0x20000198   0x0000000e   Zero   RW         3412    .bss                lcd.o
    0x200001a6   0x0000000a   Zero   RW         3627    .bss                rtc.o
    0x200001b0   0x00000800   Zero   RW         4189    .bss                stmflash.o
    0x200009b0   0x00000048   Zero   RW         4375    .bss                press.o
    0x200009f8   0x00000060   Zero   RW         4677    .bss                c_w.l(libspace.o)
    0x20000a58   0x00000200   Zero   RW          408    HEAP                startup_stm32f10x_hd.o
    0x20000c58   0x00000400   Zero   RW          407    STACK               startup_stm32f10x_hd.o


==============================================================================

Image component sizes


      Code (inc. data)   RO Data    RW Data    ZI Data      Debug   Object Name

       246          0          0          0          0       3443   24cxx.o
       534         52          0          0          0       3611   adc.o
       718        128          0          0          0       5109   ctiic.o
       220         26          0          4          0     215807   delay.o
       822         36         10          1          0       3749   ft5206.o
      1114         76        194          1          0       4650   gt9147.o
     17860        202       6080          4         14      26998   lcd.o
        76          8          0          0          0        539   led.o
       920        108          0         60          0       3221   light.o
       104          6          0          0          0       1141   lsens.o
       152         16          0          0          0     266239   main.o
      2450        446          0          8          0       6960   menu.o
       172         22          0          0          0       2217   misc.o
       692        100          0          0          0       4534   myiic.o
       878         58         10          1          0       4303   ott2001a.o
      2860        334          0         17         72       6355   press.o
       970         72         24          2         10       5954   rtc.o
        64         26        304          0       1536        820   startup_stm32f10x_hd.o
       522         30          0          0          0       9557   stm32f10x_adc.o
        72         10          0          0          0       2836   stm32f10x_bkp.o
       274         30          0          0          0       3626   stm32f10x_flash.o
       282          6          0          0          0       1933   stm32f10x_fsmc.o
       286          0          0          0          0       3184   stm32f10x_gpio.o
        26          0          0          0          0       4062   stm32f10x_it.o
        12          6          0          0          0        550   stm32f10x_pwr.o
       516         76          0         20          0       9334   stm32f10x_rcc.o
       260         48          0          0          0       5520   stm32f10x_rtc.o
        40          0          0          0          0       1858   stm32f10x_tim.o
       408          6          0          0          0       5190   stm32f10x_usart.o
       310         10          0          0       2048       3689   stmflash.o
         0          0          0          0          0         32   sys.o
       328         28          0         20          0       2285   system_stm32f10x.o
       240         36          0          2          0        531   temp.o
       688        150          0          0          0       1833   time.o
        48         10          0          0          0        510   timer.o
      4000        268        125         54          0      10725   touch.o
       330         26          0          6        200       4364   usart.o

    ----------------------------------------------------------------------
     39530       2456       6782        208       3880     637269   Object Totals
         0          0         32          0          0          0   (incl. Generated)
        36          0          3          8          0          0   (incl. Padding)

    ----------------------------------------------------------------------

      Code (inc. data)   RO Data    RW Data    ZI Data      Debug   Library Member Name

         8          0          0          0          0         68   __main.o
       104          0          0          0          0         84   __printf.o
         0          0          0          0          0          0   __rtentry.o
        12          0          0          0          0          0   __rtentry2.o
         6          0          0          0          0          0   __rtentry4.o
        52          8          0          0          0          0   __scatter.o
        26          0          0          0          0          0   __scatter_copy.o
        28          0          0          0          0          0   __scatter_zi.o
        44          0          0          0          0        108   _printf_char.o
        48          6          0          0          0         96   _printf_char_common.o
        36          4          0          0          0         80   _printf_char_file.o
         6          0          0          0          0          0   _printf_d.o
       120         16          0          0          0         92   _printf_dec.o
        88          4         40          0          0         88   _printf_hex_int.o
       178          0          0          0          0         88   _printf_intcommon.o
         0          0          0          0          0          0   _printf_percent.o
         4          0          0          0          0          0   _printf_percent_end.o
         6          0          0          0          0          0   _printf_s.o
        82          0          0          0          0         80   _printf_str.o
         6          0          0          0          0          0   _printf_x.o
        22          0          0          0          0        100   _rserrno.o
        12          0          0          0          0         72   exit.o
         8          0          0          0          0         68   ferror.o
         6          0          0          0          0        152   heapauxi.o
         2          0          0          0          0          0   libinit.o
         2          0          0          0          0          0   libinit2.o
         2          0          0          0          0          0   libshutdown.o
         2          0          0          0          0          0   libshutdown2.o
         8          4          0          0         96         68   libspace.o
        24          4          0          0          0         84   noretval__2printf.o
         8          4          0          0          0         68   rt_errno_addr_intlibspace.o
         2          0          0          0          0          0   rtexit.o
        10          0          0          0          0          0   rtexit2.o
       128          0          0          0          0         68   strcmpv7m.o
        74          0          0          0          0         80   sys_stackheap_outer.o
         2          0          0          0          0         68   use_no_semi.o
         2          0          0          0          0         68   use_no_semi_2.o
       826         16          0          0          0        348   daddsub_clz.o
        24          0          0          0          0         68   dcmpi.o
       688        140          0          0          0        208   ddiv.o
        94          4          0          0          0         92   dfix.o
        90          4          0          0          0         92   dfixu.o
        84          0          0          0          0        136   dflt_clz.o
       120          4          0          0          0         92   dleqf.o
       340         12          0          0          0        104   dmul.o
       156          4          0          0          0         92   dnaninf.o
        12          0          0          0          0         68   dretinf.o
       108          0          0          0          0         80   drleqf.o
       460         56          0          0          0        120   dsqrt_noumaal.o
        86          4          0          0          0         84   f2d.o
       430          8          0          0          0        168   faddsub_clz.o
       388         76          0          0          0         96   fdiv.o
        54          4          0          0          0         84   ffix.o
        62          4          0          0          0         84   ffixu.o
        86          0          0          0          0        136   fflt_clz.o
       258          4          0          0          0         84   fmul.o
       140          4          0          0          0         84   fnaninf.o
        10          0          0          0          0         68   fretinf.o
         0          0          0          0          0          0   usenofp.o
        76          0          0          0          0         84   sqrt.o

    ----------------------------------------------------------------------
      5780        394         40          0         96       4152   Library Totals
        20          0          0          0          0          0   (incl. Padding)

    ----------------------------------------------------------------------

      Code (inc. data)   RO Data    RW Data    ZI Data      Debug   Library Name

      1168         50         40          0         96       1680   c_w.l
      4516        344          0          0          0       2388   fz_ws.l
        76          0          0          0          0         84   m_ws.l

    ----------------------------------------------------------------------
      5780        394         40          0         96       4152   Library Totals

    ----------------------------------------------------------------------

==============================================================================


      Code (inc. data)   RO Data    RW Data    ZI Data      Debug   

     45310       2850       6822        208       3976     629301   Grand Totals
     45310       2850       6822        208       3976     629301   ELF Image Totals
     45310       2850       6822        208          0          0   ROM Totals

==============================================================================

    Total RO  Size (Code + RO Data)                52132 (  50.91kB)
    Total RW  Size (RW Data + ZI Data)              4184 (   4.09kB)
    Total ROM Size (Code + RO Data + RW Data)      52340 (  51.11kB)

==============================================================================

